<html>
<body>
<pre>
<h1>礦ision Build Log</h1>
<h2>Tool Versions:</h2>
IDE-Version: μVision V5.35.0.0
Copyright (C) 2021 ARM Ltd and ARM Germany GmbH. All rights reserved.
License Information: kk k, e, LIC=NHYH9-4AJQN-9Z4WW-QS51K-1ZVPN-PFWAU
 
Tool Versions:
Toolchain:       MDK-ARM Professional  Version: 5.35.0.2
Toolchain Path:  C:\Keil_v5\ARM\ARMCC\Bin
C Compiler:      Armcc.exe V5.06 update 7 (build 960)
Assembler:       Armasm.exe V5.06 update 7 (build 960)
Linker/Locator:  ArmLink.exe V5.06 update 7 (build 960)
Library Manager: ArmAr.exe V5.06 update 7 (build 960)
Hex Converter:   FromElf.exe V5.06 update 7 (build 960)
CPU DLL:         SARMCM3.DLL V5.35.0.2
Dialog DLL:      DCM.DLL V1.17.3.0
Target DLL:      CMSIS_AGDI.dll V1.33.0.0
Dialog DLL:      TCM.DLL V1.53.0.0
 
<h2>Project:</h2>
F:\EE实习\EE实训\新建文件夹\Template.uvprojx
Project File Date:  09/30/2022

<h2>Output:</h2>
*** Using Compiler 'V5.06 update 7 (build 960)', folder: 'C:\Keil_v5\ARM\ARMCC\Bin'
Rebuild target 'Target 1'
assembling startup_stm32f10x_hd.s...
compiling dht11_init.c...
User\GPIO.h(5): warning:  #1295-D: Deprecated declaration initGPIO - give arg types
  void initGPIO();
User\GPIO.h(7): warning:  #1-D: last line of file ends without a newline
  #endif
User\dht11_init.h(8): warning:  #1-D: last line of file ends without a newline
  #endif
User\dht11_init.c(102): warning:  #68-D: integer conversion resulted in a change of sign
  					return -1;
User\dht11_init.c: 4 warnings, 0 errors
compiling stm32f10x_it.c...
compiling misc.c...
compiling stm32f10x_gpio.c...
compiling GPIO.c...
User\GPIO.h(5): warning:  #1295-D: Deprecated declaration initGPIO - give arg types
  void initGPIO();
User\GPIO.h(7): warning:  #1-D: last line of file ends without a newline
  #endif
User\GPIO.c: 2 warnings, 0 errors
compiling stm32f10x_rcc.c...
compiling stm32f10x_exti.c...
compiling main.c...
User\GPIO.h(5): warning:  #1295-D: Deprecated declaration initGPIO - give arg types
  void initGPIO();
User\GPIO.h(7): warning:  #1-D: last line of file ends without a newline
  #endif
User\dht11_init.h(8): warning:  #1-D: last line of file ends without a newline
  #endif
User\waterdetect.h(85): warning:  #1-D: last line of file ends without a newline
  #endif
User\touch.h(19): warning:  #1295-D: Deprecated declaration displayscale - give arg types
  void displayscale();
User\touch.h(31): warning:  #177-D: variable "rdata"  was declared but never referenced
  	uint64_t rdata = 0;
User\touch.h(64): warning:  #550-D: variable "FLASHstatus"  was set but never used
  		FLASH_Status FLASHstatus = FLASH_COMPLETE;
User\touch.h(87): warning:  #940-D: missing return statement at end of non-void function "choosedetect" 
  }
User\main.c(98): warning:  #167-D: argument of type "char *" is incompatible with parameter of type "unsigned char *"
  		LCD_WRITE_StrDATA( strDst,0,4);		//向屏幕第一行第五列输出HELLO
User\main.c(111): warning:  #167-D: argument of type "char *" is incompatible with parameter of type "unsigned char *"
  		LCD_WRITE_StrDATA( strDst,1,4);
User\main.c(126): warning:  #167-D: argument of type "char *" is incompatible with parameter of type "unsigned char *"
  		LCD_WRITE_StrDATA( strDst,1,12);
User\main.c(139): warning:  #167-D: argument of type "char *" is incompatible with parameter of type "unsigned char *"
  		LCD_WRITE_StrDATA( strDst,0,12);
User\main.c(23): warning:  #177-D: variable "i"  was declared but never referenced
  	u8 i=0;
User\main.c(24): warning:  #177-D: variable "color"  was declared but never referenced
  	u16 color=0;
User\main.c(29): warning:  #177-D: variable "a"  was declared but never referenced
  	int a;
User\main.c(30): warning:  #177-D: variable "ix"  was declared but never referenced
  	int ix=0;
User\main.c(31): warning:  #177-D: variable "penColor"  was declared but never referenced
  		u16 penColor = BLUE;
User\main.c: 17 warnings, 0 errors
compiling stm32f10x_iwdg.c...
compiling stm32f10x_wwdg.c...
compiling stm32f10x_usart.c...
compiling stm32f10x_pwr.c...
compiling stm32f10x_bkp.c...
compiling stm32f10x_adc.c...
compiling stm32f10x_tim.c...
compiling stm32f10x_dac.c...
compiling core_cm3.c...
compiling stm32f10x_dma.c...
compiling stm32f10x_rtc.c...
compiling system_stm32f10x.c...
compiling stm32f10x_fsmc.c...
compiling stm32f10x_flash.c...
compiling stm32f10x_can.c...
compiling led.c...
compiling system.c...
compiling tftlcd.c...
APP\tftlcd\tftlcd.c(1118): warning:  #111-D: statement is unreachable
   	return r;						
APP\tftlcd\tftlcd.c(957): warning:  #177-D: variable "r1"  was declared but never referenced
  	u16 r1,r2,r3;
APP\tftlcd\tftlcd.c(957): warning:  #177-D: variable "r2"  was declared but never referenced
  	u16 r1,r2,r3;
APP\tftlcd\tftlcd.c(957): warning:  #177-D: variable "r3"  was declared but never referenced
  	u16 r1,r2,r3;
APP\tftlcd\tftlcd.c(958): warning:  #177-D: variable "value"  was declared but never referenced
  	u32 value;
APP\tftlcd\tftlcd.c(1216): warning:  #177-D: variable "i"  was declared but never referenced
  	u16 i;
APP\tftlcd\tftlcd.c: 6 warnings, 0 errors
compiling SysTick.c...
compiling usart.c...
linking...
Program Size: Code=13296 RO-data=20584 RW-data=100 ZI-data=1260  
FromELF: creating hex file...
".\Obj\Template.axf" - 0 Error(s), 29 Warning(s).

<h2>Software Packages used:</h2>

Package Vendor: Keil
                http://www.keil.com/pack/Keil.STM32F1xx_DFP.2.4.0.pack
                Keil.STM32F1xx_DFP.2.4.0
                STMicroelectronics STM32F1 Series Device Support, Drivers and Examples

<h2>Collection of Component include folders:</h2>
  C:\Users\ORG00\AppData\Local\Arm\Packs\Keil\STM32F1xx_DFP\2.4.0\Device\Include

<h2>Collection of Component Files used:</h2>
Build Time Elapsed:  00:00:05
</pre>
</body>
</html>
