Component: ARM Compiler 5.06 update 7 (build 960) Tool: armlink [4d3601]

==============================================================================

Section Cross References

    main.o(i.ADC1_GPIO_Config) refers to stm32f10x_rcc.o(i.RCC_APB2PeriphClockCmd) for RCC_APB2PeriphClockCmd
    main.o(i.ADC1_GPIO_Config) refers to stm32f10x_gpio.o(i.GPIO_Init) for GPIO_Init
    main.o(i.ADC1_Init) refers to main.o(i.ADC1_GPIO_Config) for ADC1_GPIO_Config
    main.o(i.ADC1_Init) refers to main.o(i.ADC1_Mode_Config) for ADC1_Mode_Config
    main.o(i.ADC1_Mode_Config) refers to stm32f10x_rcc.o(i.RCC_AHBPeriphClockCmd) for RCC_AHBPeriphClockCmd
    main.o(i.ADC1_Mode_Config) refers to stm32f10x_dma.o(i.DMA_DeInit) for DMA_DeInit
    main.o(i.ADC1_Mode_Config) refers to stm32f10x_dma.o(i.DMA_Init) for DMA_Init
    main.o(i.ADC1_Mode_Config) refers to stm32f10x_dma.o(i.DMA_Cmd) for DMA_Cmd
    main.o(i.ADC1_Mode_Config) refers to stm32f10x_rcc.o(i.RCC_APB2PeriphClockCmd) for RCC_APB2PeriphClockCmd
    main.o(i.ADC1_Mode_Config) refers to stm32f10x_adc.o(i.ADC_Init) for ADC_Init
    main.o(i.ADC1_Mode_Config) refers to stm32f10x_adc.o(i.ADC_RegularChannelConfig) for ADC_RegularChannelConfig
    main.o(i.ADC1_Mode_Config) refers to stm32f10x_adc.o(i.ADC_DMACmd) for ADC_DMACmd
    main.o(i.ADC1_Mode_Config) refers to stm32f10x_adc.o(i.ADC_Cmd) for ADC_Cmd
    main.o(i.ADC1_Mode_Config) refers to stm32f10x_adc.o(i.ADC_ResetCalibration) for ADC_ResetCalibration
    main.o(i.ADC1_Mode_Config) refers to stm32f10x_adc.o(i.ADC_GetResetCalibrationStatus) for ADC_GetResetCalibrationStatus
    main.o(i.ADC1_Mode_Config) refers to stm32f10x_adc.o(i.ADC_StartCalibration) for ADC_StartCalibration
    main.o(i.ADC1_Mode_Config) refers to stm32f10x_adc.o(i.ADC_GetCalibrationStatus) for ADC_GetCalibrationStatus
    main.o(i.ADC1_Mode_Config) refers to stm32f10x_adc.o(i.ADC_SoftwareStartConvCmd) for ADC_SoftwareStartConvCmd
    main.o(i.ADC1_Mode_Config) refers to main.o(.data) for ADCConvertedValue
    main.o(i.BEEP_Init) refers to stm32f10x_rcc.o(i.RCC_APB2PeriphClockCmd) for RCC_APB2PeriphClockCmd
    main.o(i.BEEP_Init) refers to stm32f10x_gpio.o(i.GPIO_Init) for GPIO_Init
    main.o(i.BEEP_Init) refers to stm32f10x_gpio.o(i.GPIO_ResetBits) for GPIO_ResetBits
    main.o(i.EXTI0_IRQHandler) refers to stm32f10x_exti.o(i.EXTI_GetITStatus) for EXTI_GetITStatus
    main.o(i.EXTI0_IRQHandler) refers to systick.o(i.delay_ms) for delay_ms
    main.o(i.EXTI0_IRQHandler) refers to tftlcd.o(i.LCD_ShowString) for LCD_ShowString
    main.o(i.EXTI0_IRQHandler) refers to stm32f10x_exti.o(i.EXTI_ClearITPendingBit) for EXTI_ClearITPendingBit
    main.o(i.EXTI0_IRQHandler) refers to main.o(.data) for upordown
    main.o(i.EXTI0_IRQHandler) refers to tftlcd.o(.data) for tftlcd_data
    main.o(i.EXTI2_IRQHandler) refers to stm32f10x_exti.o(i.EXTI_GetITStatus) for EXTI_GetITStatus
    main.o(i.EXTI2_IRQHandler) refers to systick.o(i.delay_ms) for delay_ms
    main.o(i.EXTI2_IRQHandler) refers to main.o(i.choosedetect) for choosedetect
    main.o(i.EXTI2_IRQHandler) refers to stm32f10x_exti.o(i.EXTI_ClearITPendingBit) for EXTI_ClearITPendingBit
    main.o(i.EXTI3_IRQHandler) refers to stm32f10x_exti.o(i.EXTI_GetITStatus) for EXTI_GetITStatus
    main.o(i.EXTI3_IRQHandler) refers to systick.o(i.delay_ms) for delay_ms
    main.o(i.EXTI3_IRQHandler) refers to main.o(i.downplusvar) for downplusvar
    main.o(i.EXTI3_IRQHandler) refers to main.o(i.Upplusvar) for Upplusvar
    main.o(i.EXTI3_IRQHandler) refers to stm32f10x_exti.o(i.EXTI_ClearITPendingBit) for EXTI_ClearITPendingBit
    main.o(i.EXTI3_IRQHandler) refers to main.o(.data) for upordown
    main.o(i.EXTI4_IRQHandler) refers to stm32f10x_exti.o(i.EXTI_GetITStatus) for EXTI_GetITStatus
    main.o(i.EXTI4_IRQHandler) refers to systick.o(i.delay_ms) for delay_ms
    main.o(i.EXTI4_IRQHandler) refers to main.o(i.downreducevar) for downreducevar
    main.o(i.EXTI4_IRQHandler) refers to main.o(i.Upreducevar) for Upreducevar
    main.o(i.EXTI4_IRQHandler) refers to stm32f10x_exti.o(i.EXTI_ClearITPendingBit) for EXTI_ClearITPendingBit
    main.o(i.EXTI4_IRQHandler) refers to main.o(.data) for upordown
    main.o(i.EXTI9_5_IRQHandler) refers to stm32f10x_gpio.o(i.GPIO_ReadInputDataBit) for GPIO_ReadInputDataBit
    main.o(i.EXTI9_5_IRQHandler) refers to main.o(i.HW_jssj) for HW_jssj
    main.o(i.EXTI9_5_IRQHandler) refers to main.o(i.code_analysis) for code_analysis
    main.o(i.EXTI9_5_IRQHandler) refers to printf5.o(i.__0printf$5) for __2printf
    main.o(i.EXTI9_5_IRQHandler) refers to stm32f10x_exti.o(i.EXTI_ClearITPendingBit) for EXTI_ClearITPendingBit
    main.o(i.EXTI9_5_IRQHandler) refers to main.o(.data) for hw_jsm
    main.o(i.FLASH_WriteByte) refers to stm32f10x_flash.o(i.FLASH_Unlock) for FLASH_Unlock
    main.o(i.FLASH_WriteByte) refers to stm32f10x_flash.o(i.FLASH_ClearFlag) for FLASH_ClearFlag
    main.o(i.FLASH_WriteByte) refers to stm32f10x_flash.o(i.FLASH_ErasePage) for FLASH_ErasePage
[...]
    Removing stm32f10x_tim.o(i.TIM_ForcedOC2Config), (26 bytes).
    Removing stm32f10x_tim.o(i.TIM_ForcedOC3Config), (18 bytes).
    Removing stm32f10x_tim.o(i.TIM_ForcedOC4Config), (26 bytes).
    Removing stm32f10x_tim.o(i.TIM_GenerateEvent), (4 bytes).
    Removing stm32f10x_tim.o(i.TIM_GetCapture1), (6 bytes).
    Removing stm32f10x_tim.o(i.TIM_GetCapture2), (6 bytes).
    Removing stm32f10x_tim.o(i.TIM_GetCapture3), (6 bytes).
    Removing stm32f10x_tim.o(i.TIM_GetCapture4), (8 bytes).
    Removing stm32f10x_tim.o(i.TIM_GetCounter), (6 bytes).
    Removing stm32f10x_tim.o(i.TIM_GetFlagStatus), (18 bytes).
    Removing stm32f10x_tim.o(i.TIM_GetITStatus), (34 bytes).
    Removing stm32f10x_tim.o(i.TIM_GetPrescaler), (6 bytes).
    Removing stm32f10x_tim.o(i.TIM_ICInit), (172 bytes).
    Removing stm32f10x_tim.o(i.TIM_ICStructInit), (18 bytes).
    Removing stm32f10x_tim.o(i.TIM_ITConfig), (18 bytes).
    Removing stm32f10x_tim.o(i.TIM_ITRxExternalClockConfig), (24 bytes).
    Removing stm32f10x_tim.o(i.TIM_InternalClockConfig), (12 bytes).
    Removing stm32f10x_tim.o(i.TIM_OC1FastConfig), (18 bytes).
    Removing stm32f10x_tim.o(i.TIM_OC1Init), (152 bytes).
    Removing stm32f10x_tim.o(i.TIM_OC1NPolarityConfig), (18 bytes).
    Removing stm32f10x_tim.o(i.TIM_OC1PolarityConfig), (18 bytes).
    Removing stm32f10x_tim.o(i.TIM_OC1PreloadConfig), (18 bytes).
    Removing stm32f10x_tim.o(i.TIM_OC2FastConfig), (26 bytes).
    Removing stm32f10x_tim.o(i.TIM_OC2Init), (164 bytes).
    Removing stm32f10x_tim.o(i.TIM_OC2NPolarityConfig), (26 bytes).
    Removing stm32f10x_tim.o(i.TIM_OC2PolarityConfig), (26 bytes).
    Removing stm32f10x_tim.o(i.TIM_OC2PreloadConfig), (26 bytes).
    Removing stm32f10x_tim.o(i.TIM_OC3FastConfig), (18 bytes).
    Removing stm32f10x_tim.o(i.TIM_OC3Init), (160 bytes).
    Removing stm32f10x_tim.o(i.TIM_OC3NPolarityConfig), (26 bytes).
    Removing stm32f10x_tim.o(i.TIM_OC3PolarityConfig), (26 bytes).
    Removing stm32f10x_tim.o(i.TIM_OC3PreloadConfig), (18 bytes).
    Removing stm32f10x_tim.o(i.TIM_OC4FastConfig), (26 bytes).
    Removing stm32f10x_tim.o(i.TIM_OC4Init), (124 bytes).
    Removing stm32f10x_tim.o(i.TIM_OC4PolarityConfig), (26 bytes).
    Removing stm32f10x_tim.o(i.TIM_OC4PreloadConfig), (26 bytes).
    Removing stm32f10x_tim.o(i.TIM_OCStructInit), (20 bytes).
    Removing stm32f10x_tim.o(i.TIM_PWMIConfig), (124 bytes).
    Removing stm32f10x_tim.o(i.TIM_PrescalerConfig), (6 bytes).
    Removing stm32f10x_tim.o(i.TIM_SelectCCDMA), (24 bytes).
    Removing stm32f10x_tim.o(i.TIM_SelectCOM), (24 bytes).
    Removing stm32f10x_tim.o(i.TIM_SelectHallSensor), (24 bytes).
    Removing stm32f10x_tim.o(i.TIM_SelectInputTrigger), (18 bytes).
    Removing stm32f10x_tim.o(i.TIM_SelectMasterSlaveMode), (18 bytes).
    Removing stm32f10x_tim.o(i.TIM_SelectOCxM), (82 bytes).
    Removing stm32f10x_tim.o(i.TIM_SelectOnePulseMode), (18 bytes).
    Removing stm32f10x_tim.o(i.TIM_SelectOutputTrigger), (18 bytes).
    Removing stm32f10x_tim.o(i.TIM_SelectSlaveMode), (18 bytes).
    Removing stm32f10x_tim.o(i.TIM_SetAutoreload), (4 bytes).
    Removing stm32f10x_tim.o(i.TIM_SetClockDivision), (18 bytes).
    Removing stm32f10x_tim.o(i.TIM_SetCompare1), (4 bytes).
    Removing stm32f10x_tim.o(i.TIM_SetCompare2), (4 bytes).
    Removing stm32f10x_tim.o(i.TIM_SetCompare3), (4 bytes).
    Removing stm32f10x_tim.o(i.TIM_SetCompare4), (6 bytes).
    Removing stm32f10x_tim.o(i.TIM_SetCounter), (4 bytes).
    Removing stm32f10x_tim.o(i.TIM_SetIC1Prescaler), (18 bytes).
    Removing stm32f10x_tim.o(i.TIM_SetIC2Prescaler), (26 bytes).
    Removing stm32f10x_tim.o(i.TIM_SetIC3Prescaler), (18 bytes).
    Removing stm32f10x_tim.o(i.TIM_SetIC4Prescaler), (26 bytes).
    Removing stm32f10x_tim.o(i.TIM_TIxExternalClockConfig), (62 bytes).
    Removing stm32f10x_tim.o(i.TIM_TimeBaseInit), (164 bytes).
    Removing stm32f10x_tim.o(i.TIM_TimeBaseStructInit), (18 bytes).
    Removing stm32f10x_tim.o(i.TIM_UpdateDisableConfig), (24 bytes).
    Removing stm32f10x_tim.o(i.TIM_UpdateRequestConfig), (24 bytes).
    Removing stm32f10x_usart.o(i.USART_ClearITPendingBit), (30 bytes).
    Removing stm32f10x_usart.o(i.USART_ClockInit), (34 bytes).
    Removing stm32f10x_usart.o(i.USART_ClockStructInit), (12 bytes).
    Removing stm32f10x_usart.o(i.USART_DMACmd), (18 bytes).
    Removing stm32f10x_usart.o(i.USART_DeInit), (156 bytes).
    Removing stm32f10x_usart.o(i.USART_HalfDuplexCmd), (24 bytes).
    Removing stm32f10x_usart.o(i.USART_IrDACmd), (24 bytes).
    Removing stm32f10x_usart.o(i.USART_IrDAConfig), (18 bytes).
    Removing stm32f10x_usart.o(i.USART_LINBreakDetectLengthConfig), (18 bytes).
    Removing stm32f10x_usart.o(i.USART_LINCmd), (24 bytes).
    Removing stm32f10x_usart.o(i.USART_OneBitMethodCmd), (24 bytes).
    Removing stm32f10x_usart.o(i.USART_OverSampling8Cmd), (22 bytes).
    Removing stm32f10x_usart.o(i.USART_ReceiverWakeUpCmd), (24 bytes).
    Removing stm32f10x_usart.o(i.USART_SendBreak), (10 bytes).
    Removing stm32f10x_usart.o(i.USART_SetAddress), (18 bytes).
    Removing stm32f10x_usart.o(i.USART_SetGuardTime), (16 bytes).
    Removing stm32f10x_usart.o(i.USART_SetPrescaler), (16 bytes).
    Removing stm32f10x_usart.o(i.USART_SmartCardCmd), (24 bytes).
    Removing stm32f10x_usart.o(i.USART_SmartCardNACKCmd), (24 bytes).
    Removing stm32f10x_usart.o(i.USART_StructInit), (24 bytes).
    Removing stm32f10x_usart.o(i.USART_WakeUpConfig), (18 bytes).
    Removing stm32f10x_iwdg.o(i.IWDG_Enable), (16 bytes).
    Removing stm32f10x_iwdg.o(i.IWDG_GetFlagStatus), (24 bytes).
    Removing stm32f10x_iwdg.o(i.IWDG_ReloadCounter), (16 bytes).
    Removing stm32f10x_iwdg.o(i.IWDG_SetPrescaler), (12 bytes).
    Removing stm32f10x_iwdg.o(i.IWDG_SetReload), (12 bytes).
    Removing stm32f10x_iwdg.o(i.IWDG_WriteAccessCmd), (12 bytes).
    Removing stm32f10x_wwdg.o(i.WWDG_ClearFlag), (12 bytes).
    Removing stm32f10x_wwdg.o(i.WWDG_DeInit), (22 bytes).
    Removing stm32f10x_wwdg.o(i.WWDG_Enable), (16 bytes).
    Removing stm32f10x_wwdg.o(i.WWDG_EnableIT), (12 bytes).
    Removing stm32f10x_wwdg.o(i.WWDG_GetFlagStatus), (12 bytes).
    Removing stm32f10x_wwdg.o(i.WWDG_SetCounter), (16 bytes).
    Removing stm32f10x_wwdg.o(i.WWDG_SetPrescaler), (24 bytes).
    Removing stm32f10x_wwdg.o(i.WWDG_SetWindowValue), (40 bytes).
    Removing stm32f10x_bkp.o(i.BKP_ClearFlag), (20 bytes).
    Removing stm32f10x_bkp.o(i.BKP_ClearITPendingBit), (20 bytes).
    Removing stm32f10x_bkp.o(i.BKP_DeInit), (16 bytes).
    Removing stm32f10x_bkp.o(i.BKP_GetFlagStatus), (12 bytes).
    Removing stm32f10x_bkp.o(i.BKP_GetITStatus), (12 bytes).
    Removing stm32f10x_bkp.o(i.BKP_ITConfig), (12 bytes).
    Removing stm32f10x_bkp.o(i.BKP_RTCOutputConfig), (28 bytes).
    Removing stm32f10x_bkp.o(i.BKP_ReadBackupRegister), (28 bytes).
    Removing stm32f10x_bkp.o(i.BKP_SetRTCCalibrationValue), (28 bytes).
    Removing stm32f10x_bkp.o(i.BKP_TamperPinCmd), (12 bytes).
    Removing stm32f10x_bkp.o(i.BKP_TamperPinLevelConfig), (12 bytes).
    Removing stm32f10x_bkp.o(i.BKP_WriteBackupRegister), (28 bytes).
    Removing stm32f10x_pwr.o(i.PWR_BackupAccessCmd), (12 bytes).
    Removing stm32f10x_pwr.o(i.PWR_ClearFlag), (20 bytes).
    Removing stm32f10x_pwr.o(i.PWR_DeInit), (22 bytes).
    Removing stm32f10x_pwr.o(i.PWR_EnterSTANDBYMode), (52 bytes).
    Removing stm32f10x_pwr.o(i.PWR_EnterSTOPMode), (64 bytes).
    Removing stm32f10x_pwr.o(i.PWR_GetFlagStatus), (24 bytes).
    Removing stm32f10x_pwr.o(i.PWR_PVDCmd), (12 bytes).
    Removing stm32f10x_pwr.o(i.PWR_PVDLevelConfig), (24 bytes).
    Removing stm32f10x_pwr.o(i.PWR_WakeUpPinCmd), (12 bytes).
    Removing stm32f10x_adc.o(i.ADC_AnalogWatchdogCmd), (20 bytes).
    Removing stm32f10x_adc.o(i.ADC_AnalogWatchdogSingleChannelConfig), (16 bytes).
    Removing stm32f10x_adc.o(i.ADC_AnalogWatchdogThresholdsConfig), (6 bytes).
    Removing stm32f10x_adc.o(i.ADC_AutoInjectedConvCmd), (22 bytes).
    Removing stm32f10x_adc.o(i.ADC_ClearFlag), (6 bytes).
    Removing stm32f10x_adc.o(i.ADC_ClearITPendingBit), (10 bytes).
    Removing stm32f10x_adc.o(i.ADC_DiscModeChannelCountConfig), (24 bytes).
    Removing stm32f10x_adc.o(i.ADC_DiscModeCmd), (22 bytes).
    Removing stm32f10x_adc.o(i.ADC_ExternalTrigConvCmd), (22 bytes).
    Removing stm32f10x_adc.o(i.ADC_ExternalTrigInjectedConvCmd), (22 bytes).
    Removing stm32f10x_adc.o(i.ADC_ExternalTrigInjectedConvConfig), (16 bytes).
    Removing stm32f10x_adc.o(i.ADC_GetDualModeConversionValue), (12 bytes).
    Removing stm32f10x_adc.o(i.ADC_GetITStatus), (36 bytes).
    Removing stm32f10x_adc.o(i.ADC_GetInjectedConversionValue), (28 bytes).
    Removing stm32f10x_adc.o(i.ADC_GetSoftwareStartConvStatus), (20 bytes).
    Removing stm32f10x_adc.o(i.ADC_GetSoftwareStartInjectedConvCmdStatus), (20 bytes).
    Removing stm32f10x_adc.o(i.ADC_ITConfig), (24 bytes).
    Removing stm32f10x_adc.o(i.ADC_InjectedChannelConfig), (130 bytes).
    Removing stm32f10x_adc.o(i.ADC_InjectedDiscModeCmd), (22 bytes).
    Removing stm32f10x_adc.o(i.ADC_InjectedSequencerLengthConfig), (24 bytes).
    Removing stm32f10x_adc.o(i.ADC_SetInjectedOffset), (20 bytes).
    Removing stm32f10x_adc.o(i.ADC_SoftwareStartInjectedConvCmd), (22 bytes).
    Removing stm32f10x_adc.o(i.ADC_StructInit), (18 bytes).
    Removing stm32f10x_adc.o(i.ADC_TempSensorVrefintCmd), (36 bytes).
    Removing stm32f10x_dac.o(i.DAC_Cmd), (40 bytes).
    Removing stm32f10x_dac.o(i.DAC_DMACmd), (44 bytes).
    Removing stm32f10x_dac.o(i.DAC_DeInit), (22 bytes).
    Removing stm32f10x_dac.o(i.DAC_DualSoftwareTriggerCmd), (36 bytes).
    Removing stm32f10x_dac.o(i.DAC_GetDataOutputValue), (36 bytes).
    Removing stm32f10x_dac.o(i.DAC_Init), (52 bytes).
    Removing stm32f10x_dac.o(i.DAC_SetChannel1Data), (32 bytes).
    Removing stm32f10x_dac.o(i.DAC_SetChannel2Data), (32 bytes).
    Removing stm32f10x_dac.o(i.DAC_SetDualChannelData), (36 bytes).
    Removing stm32f10x_dac.o(i.DAC_SoftwareTriggerCmd), (44 bytes).
    Removing stm32f10x_dac.o(i.DAC_StructInit), (12 bytes).
    Removing stm32f10x_dac.o(i.DAC_WaveGenerationCmd), (40 bytes).
    Removing stm32f10x_dma.o(i.DMA_ClearFlag), (28 bytes).
    Removing stm32f10x_dma.o(i.DMA_ClearITPendingBit), (28 bytes).
    Removing stm32f10x_dma.o(i.DMA_GetCurrDataCounter), (8 bytes).
    Removing stm32f10x_dma.o(i.DMA_GetFlagStatus), (44 bytes).
    Removing stm32f10x_dma.o(i.DMA_GetITStatus), (44 bytes).
    Removing stm32f10x_dma.o(i.DMA_ITConfig), (18 bytes).
    Removing stm32f10x_dma.o(i.DMA_SetCurrDataCounter), (4 bytes).
    Removing stm32f10x_dma.o(i.DMA_StructInit), (26 bytes).
    Removing stm32f10x_rtc.o(i.RTC_ClearFlag), (16 bytes).
    Removing stm32f10x_rtc.o(i.RTC_ClearITPendingBit), (16 bytes).
    Removing stm32f10x_rtc.o(i.RTC_EnterConfigMode), (20 bytes).
    Removing stm32f10x_rtc.o(i.RTC_ExitConfigMode), (20 bytes).
    Removing stm32f10x_rtc.o(i.RTC_GetCounter), (20 bytes).
    Removing stm32f10x_rtc.o(i.RTC_GetDivider), (24 bytes).
    Removing stm32f10x_rtc.o(i.RTC_GetFlagStatus), (24 bytes).
    Removing stm32f10x_rtc.o(i.RTC_GetITStatus), (36 bytes).
    Removing stm32f10x_rtc.o(i.RTC_ITConfig), (32 bytes).
    Removing stm32f10x_rtc.o(i.RTC_SetAlarm), (28 bytes).
    Removing stm32f10x_rtc.o(i.RTC_SetCounter), (28 bytes).
    Removing stm32f10x_rtc.o(i.RTC_SetPrescaler), (32 bytes).
    Removing stm32f10x_rtc.o(i.RTC_WaitForLastTask), (20 bytes).
    Removing stm32f10x_rtc.o(i.RTC_WaitForSynchro), (36 bytes).
    Removing stm32f10x_can.o(i.CAN_CancelTransmit), (48 bytes).
    Removing stm32f10x_can.o(i.CAN_ClearFlag), (56 bytes).
    Removing stm32f10x_can.o(i.CAN_ClearITPendingBit), (168 bytes).
    Removing stm32f10x_can.o(i.CAN_DBGFreeze), (22 bytes).
    Removing stm32f10x_can.o(i.CAN_DeInit), (56 bytes).
    Removing stm32f10x_can.o(i.CAN_FIFORelease), (22 bytes).
    Removing stm32f10x_can.o(i.CAN_FilterInit), (264 bytes).
    Removing stm32f10x_can.o(i.CAN_GetFlagStatus), (120 bytes).
    Removing stm32f10x_can.o(i.CAN_GetITStatus), (288 bytes).
    Removing stm32f10x_can.o(i.CAN_GetLSBTransmitErrorCounter), (12 bytes).
    Removing stm32f10x_can.o(i.CAN_GetLastErrorCode), (12 bytes).
    Removing stm32f10x_can.o(i.CAN_GetReceiveErrorCounter), (10 bytes).
    Removing stm32f10x_can.o(i.CAN_ITConfig), (18 bytes).
    Removing stm32f10x_can.o(i.CAN_Init), (276 bytes).
    Removing stm32f10x_can.o(i.CAN_MessagePending), (30 bytes).
    Removing stm32f10x_can.o(i.CAN_OperatingModeRequest), (162 bytes).
    Removing stm32f10x_can.o(i.CAN_Receive), (240 bytes).
    Removing stm32f10x_can.o(i.CAN_SlaveStartBank), (52 bytes).
    Removing stm32f10x_can.o(i.CAN_Sleep), (30 bytes).
    Removing stm32f10x_can.o(i.CAN_StructInit), (32 bytes).
    Removing stm32f10x_can.o(i.CAN_TTComModeCmd), (118 bytes).
    Removing stm32f10x_can.o(i.CAN_Transmit), (294 bytes).
    Removing stm32f10x_can.o(i.CAN_TransmitStatus), (160 bytes).
    Removing stm32f10x_can.o(i.CAN_WakeUp), (48 bytes).
    Removing stm32f10x_can.o(i.CheckITStatus), (18 bytes).
    Removing stm32f10x_fsmc.o(i.FSMC_ClearFlag), (64 bytes).
    Removing stm32f10x_fsmc.o(i.FSMC_ClearITPendingBit), (72 bytes).
    Removing stm32f10x_fsmc.o(i.FSMC_GetECC), (28 bytes).
    Removing stm32f10x_fsmc.o(i.FSMC_GetFlagStatus), (56 bytes).
    Removing stm32f10x_fsmc.o(i.FSMC_GetITStatus), (68 bytes).
    Removing stm32f10x_fsmc.o(i.FSMC_ITConfig), (128 bytes).
    Removing stm32f10x_fsmc.o(i.FSMC_NANDCmd), (92 bytes).
    Removing stm32f10x_fsmc.o(i.FSMC_NANDDeInit), (68 bytes).
    Removing stm32f10x_fsmc.o(i.FSMC_NANDECCCmd), (92 bytes).
    Removing stm32f10x_fsmc.o(i.FSMC_NANDInit), (136 bytes).
    Removing stm32f10x_fsmc.o(i.FSMC_NANDStructInit), (54 bytes).
    Removing stm32f10x_fsmc.o(i.FSMC_NORSRAMDeInit), (54 bytes).
    Removing stm32f10x_fsmc.o(i.FSMC_NORSRAMStructInit), (114 bytes).
    Removing stm32f10x_fsmc.o(i.FSMC_PCCARDCmd), (48 bytes).
    Removing stm32f10x_fsmc.o(i.FSMC_PCCARDDeInit), (40 bytes).
    Removing stm32f10x_fsmc.o(i.FSMC_PCCARDInit), (132 bytes).
    Removing stm32f10x_fsmc.o(i.FSMC_PCCARDStructInit), (60 bytes).
    Removing stm32f10x_flash.o(i.FLASH_EnableWriteProtection), (196 bytes).
    Removing stm32f10x_flash.o(i.FLASH_EraseAllBank1Pages), (72 bytes).
    Removing stm32f10x_flash.o(i.FLASH_EraseAllPages), (72 bytes).
    Removing stm32f10x_flash.o(i.FLASH_EraseOptionBytes), (168 bytes).
    Removing stm32f10x_flash.o(i.FLASH_GetFlagStatus), (48 bytes).
    Removing stm32f10x_flash.o(i.FLASH_GetPrefetchBufferStatus), (24 bytes).
    Removing stm32f10x_flash.o(i.FLASH_GetReadOutProtectionStatus), (24 bytes).
    Removing stm32f10x_flash.o(i.FLASH_GetStatus), (52 bytes).
    Removing stm32f10x_flash.o(i.FLASH_GetUserOptionByte), (12 bytes).
    Removing stm32f10x_flash.o(i.FLASH_GetWriteProtectionOptionByte), (12 bytes).
    Removing stm32f10x_flash.o(i.FLASH_HalfCycleAccessCmd), (28 bytes).
    Removing stm32f10x_flash.o(i.FLASH_ITConfig), (32 bytes).
    Removing stm32f10x_flash.o(i.FLASH_LockBank1), (20 bytes).
    Removing stm32f10x_flash.o(i.FLASH_PrefetchBufferCmd), (28 bytes).
    Removing stm32f10x_flash.o(i.FLASH_ProgramOptionByteData), (84 bytes).
    Removing stm32f10x_flash.o(i.FLASH_ProgramWord), (108 bytes).
    Removing stm32f10x_flash.o(i.FLASH_ReadOutProtection), (172 bytes).
    Removing stm32f10x_flash.o(i.FLASH_SetLatency), (24 bytes).
    Removing stm32f10x_flash.o(i.FLASH_UnlockBank1), (24 bytes).
    Removing stm32f10x_flash.o(i.FLASH_UserOptionByteConfig), (104 bytes).
    Removing stm32f10x_flash.o(i.FLASH_WaitForLastBank1Operation), (38 bytes).
    Removing system_stm32f10x.o(i.SystemCoreClockUpdate), (164 bytes).
    Removing system_stm32f10x.o(.data), (20 bytes).
    Removing core_cm3.o(.emb_text), (32 bytes).
    Removing tftlcd.o(i.LCD_Color_Fill), (90 bytes).
    Removing tftlcd.o(i.LCD_DrawLine), (176 bytes).
    Removing tftlcd.o(i.LCD_DrawLine_Color), (172 bytes).
    Removing tftlcd.o(i.LCD_DrawPoint), (32 bytes).
    Removing tftlcd.o(i.LCD_DrawRectangle), (60 bytes).
    Removing tftlcd.o(i.LCD_Draw_Circle), (152 bytes).
    Removing tftlcd.o(i.LCD_DrowSign), (132 bytes).
    Removing tftlcd.o(i.LCD_Fill), (92 bytes).
    Removing tftlcd.o(i.LCD_RGBColor_Change), (28 bytes).
    Removing tftlcd.o(i.LCD_ReadData), (12 bytes).
    Removing tftlcd.o(i.LCD_ReadPoint), (100 bytes).
    Removing tftlcd.o(i.LCD_SSD_BackLightSet), (84 bytes).
    Removing tftlcd.o(i.LCD_ShowNum), (148 bytes).
    Removing tftlcd.o(i.LCD_ShowPicture), (92 bytes).
    Removing tftlcd.o(i.LCD_WriteCmdData), (20 bytes).
    Removing dmul.o(.text), (228 bytes).
    Removing dfltui.o(.text), (26 bytes).
    Removing dfixui.o(.text), (50 bytes).
    Removing depilogue.o(.text), (186 bytes).
    Removing dadd.o(.text), (334 bytes).
    Removing ddiv.o(.text), (222 bytes).
    Removing dfixul.o(.text), (48 bytes).
    Removing cdrcmple.o(.text), (48 bytes).

344 unused section(s) (total 61418 bytes) removed from the image.

==============================================================================

Image Symbol Table

    Local Symbols

    Symbol Name                              Value     Ov Type        Size  Object(Section)

    ../clib/microlib/division.c              0x00000000   Number         0  uidiv.o ABSOLUTE
    ../clib/microlib/division.c              0x00000000   Number         0  uldiv.o ABSOLUTE
    ../clib/microlib/init/entry.s            0x00000000   Number         0  entry8a.o ABSOLUTE
    ../clib/microlib/init/entry.s            0x00000000   Number         0  entry11b.o ABSOLUTE
    ../clib/microlib/init/entry.s            0x00000000   Number         0  entry11a.o ABSOLUTE
    ../clib/microlib/init/entry.s            0x00000000   Number         0  entry10b.o ABSOLUTE
    ../clib/microlib/init/entry.s            0x00000000   Number         0  entry9b.o ABSOLUTE
    ../clib/microlib/init/entry.s            0x00000000   Number         0  entry9a.o ABSOLUTE
    ../clib/microlib/init/entry.s            0x00000000   Number         0  entry8b.o ABSOLUTE
    ../clib/microlib/init/entry.s            0x00000000   Number         0  entry7b.o ABSOLUTE
    ../clib/microlib/init/entry.s            0x00000000   Number         0  entry7a.o ABSOLUTE
    ../clib/microlib/init/entry.s            0x00000000   Number         0  entry5.o ABSOLUTE
    ../clib/microlib/init/entry.s            0x00000000   Number         0  entry2.o ABSOLUTE
    ../clib/microlib/init/entry.s            0x00000000   Number         0  entry12b.o ABSOLUTE
    ../clib/microlib/init/entry.s            0x00000000   Number         0  entry12a.o ABSOLUTE
    ../clib/microlib/init/entry.s            0x00000000   Number         0  entry.o ABSOLUTE
    ../clib/microlib/init/entry.s            0x00000000   Number         0  entry10a.o ABSOLUTE
    ../clib/microlib/longlong.c              0x00000000   Number         0  llushr.o ABSOLUTE
    ../clib/microlib/longlong.c              0x00000000   Number         0  llshl.o ABSOLUTE
    ../clib/microlib/longlong.c              0x00000000   Number         0  llsshr.o ABSOLUTE
    ../clib/microlib/printf/printf.c         0x00000000   Number         0  printf6.o ABSOLUTE
    ../clib/microlib/printf/printf.c         0x00000000   Number         0  printfa.o ABSOLUTE
    ../clib/microlib/printf/printf.c         0x00000000   Number         0  printf8.o ABSOLUTE
    ../clib/microlib/printf/printf.c         0x00000000   Number         0  printf7.o ABSOLUTE
    ../clib/microlib/printf/printf.c         0x00000000   Number         0  printf5.o ABSOLUTE
    ../clib/microlib/printf/printf.c         0x00000000   Number         0  printfb.o ABSOLUTE
    ../clib/microlib/printf/printf.c         0x00000000   Number         0  printf1.o ABSOLUTE
    ../clib/microlib/printf/printf.c         0x00000000   Number         0  printf0.o ABSOLUTE
    ../clib/microlib/printf/printf.c         0x00000000   Number         0  printf4.o ABSOLUTE
    ../clib/microlib/printf/printf.c         0x00000000   Number         0  printf3.o ABSOLUTE
    ../clib/microlib/printf/printf.c         0x00000000   Number         0  printf2.o ABSOLUTE
    ../clib/microlib/printf/stubs.s          0x00000000   Number         0  stubs.o ABSOLUTE
    ../clib/microlib/stdio/streams.c         0x00000000   Number         0  stdout.o ABSOLUTE
    ../clib/microlib/string/memset.c         0x00000000   Number         0  memseta.o ABSOLUTE
    ../clib/microlib/stubs.s                 0x00000000   Number         0  iusefp.o ABSOLUTE
    ../fplib/microlib/fpadd.c                0x00000000   Number         0  dadd.o ABSOLUTE
    ../fplib/microlib/fpdiv.c                0x00000000   Number         0  ddiv.o ABSOLUTE
    ../fplib/microlib/fpepilogue.c           0x00000000   Number         0  depilogue.o ABSOLUTE
    ../fplib/microlib/fpfix.c                0x00000000   Number         0  dfixui.o ABSOLUTE
    ../fplib/microlib/fpfix.c                0x00000000   Number         0  dfixul.o ABSOLUTE
    ../fplib/microlib/fpflt.c                0x00000000   Number         0  dfltui.o ABSOLUTE
    ../fplib/microlib/fpmul.c                0x00000000   Number         0  dmul.o ABSOLUTE
    APP\led\led.c                            0x00000000   Number         0  led.o ABSOLUTE
    APP\tftlcd\tftlcd.c                      0x00000000   Number         0  tftlcd.o ABSOLUTE
    Libraries\CMSIS\core_cm3.c               0x00000000   Number         0  core_cm3.o ABSOLUTE
    Libraries\CMSIS\startup_stm32f10x_hd.s   0x00000000   Number         0  startup_stm32f10x_hd.o ABSOLUTE
    Libraries\CMSIS\system_stm32f10x.c       0x00000000   Number         0  system_stm32f10x.o ABSOLUTE
    Libraries\STM32F10x_StdPeriph_Driver\src\misc.c 0x00000000   Number         0  misc.o ABSOLUTE
    Libraries\STM32F10x_StdPeriph_Driver\src\stm32f10x_adc.c 0x00000000   Number         0  stm32f10x_adc.o ABSOLUTE
    Libraries\STM32F10x_StdPeriph_Driver\src\stm32f10x_bkp.c 0x00000000   Number         0  stm32f10x_bkp.o ABSOLUTE
    Libraries\STM32F10x_StdPeriph_Driver\src\stm32f10x_can.c 0x00000000   Number         0  stm32f10x_can.o ABSOLUTE
    Libraries\STM32F10x_StdPeriph_Driver\src\stm32f10x_dac.c 0x00000000   Number         0  stm32f10x_dac.o ABSOLUTE
    Libraries\STM32F10x_StdPeriph_Driver\src\stm32f10x_dma.c 0x00000000   Number         0  stm32f10x_dma.o ABSOLUTE
    Libraries\STM32F10x_StdPeriph_Driver\src\stm32f10x_exti.c 0x00000000   Number         0  stm32f10x_exti.o ABSOLUTE
    Libraries\STM32F10x_StdPeriph_Driver\src\stm32f10x_flash.c 0x00000000   Number         0  stm32f10x_flash.o ABSOLUTE
    Libraries\STM32F10x_StdPeriph_Driver\src\stm32f10x_fsmc.c 0x00000000   Number         0  stm32f10x_fsmc.o ABSOLUTE
    Libraries\STM32F10x_StdPeriph_Driver\src\stm32f10x_gpio.c 0x00000000   Number         0  stm32f10x_gpio.o ABSOLUTE
    Libraries\STM32F10x_StdPeriph_Driver\src\stm32f10x_iwdg.c 0x00000000   Number         0  stm32f10x_iwdg.o ABSOLUTE
    Libraries\STM32F10x_StdPeriph_Driver\src\stm32f10x_pwr.c 0x00000000   Number         0  stm32f10x_pwr.o ABSOLUTE
    Libraries\STM32F10x_StdPeriph_Driver\src\stm32f10x_rcc.c 0x00000000   Number         0  stm32f10x_rcc.o ABSOLUTE
    Libraries\STM32F10x_StdPeriph_Driver\src\stm32f10x_rtc.c 0x00000000   Number         0  stm32f10x_rtc.o ABSOLUTE
    Libraries\STM32F10x_StdPeriph_Driver\src\stm32f10x_tim.c 0x00000000   Number         0  stm32f10x_tim.o ABSOLUTE
    Libraries\STM32F10x_StdPeriph_Driver\src\stm32f10x_usart.c 0x00000000   Number         0  stm32f10x_usart.o ABSOLUTE
    Libraries\STM32F10x_StdPeriph_Driver\src\stm32f10x_wwdg.c 0x00000000   Number         0  stm32f10x_wwdg.o ABSOLUTE
    Libraries\\CMSIS\\core_cm3.c             0x00000000   Number         0  core_cm3.o ABSOLUTE
    Public\SysTick.c                         0x00000000   Number         0  systick.o ABSOLUTE
    Public\system.c                          0x00000000   Number         0  system.o ABSOLUTE
    Public\usart.c                           0x00000000   Number         0  usart.o ABSOLUTE
    User\GPIO.c                              0x00000000   Number         0  gpio.o ABSOLUTE
    User\dht11_init.c                        0x00000000   Number         0  dht11_init.o ABSOLUTE
    User\main.c                              0x00000000   Number         0  main.o ABSOLUTE
    User\stm32f10x_it.c                      0x00000000   Number         0  stm32f10x_it.o ABSOLUTE
    cdrcmple.s                               0x00000000   Number         0  cdrcmple.o ABSOLUTE
    dc.s                                     0x00000000   Number         0  dc.o ABSOLUTE
    handlers.s                               0x00000000   Number         0  handlers.o ABSOLUTE
    init.s                                   0x00000000   Number         0  init.o ABSOLUTE
    RESET                                    0x08000000   Section      304  startup_stm32f10x_hd.o(RESET)
    .ARM.Collect$$$$00000000                 0x08000130   Section        0  entry.o(.ARM.Collect$$$$00000000)
    .ARM.Collect$$$$00000001                 0x08000130   Section        4  entry2.o(.ARM.Collect$$$$00000001)
    .ARM.Collect$$$$00000004                 0x08000134   Section        4  entry5.o(.ARM.Collect$$$$00000004)
    .ARM.Collect$$$$00000008                 0x08000138   Section        0  entry7b.o(.ARM.Collect$$$$00000008)
    .ARM.Collect$$$$0000000A                 0x08000138   Section        0  entry8b.o(.ARM.Collect$$$$0000000A)
    .ARM.Collect$$$$0000000B                 0x08000138   Section        8  entry9a.o(.ARM.Collect$$$$0000000B)
    .ARM.Collect$$$$0000000E                 0x08000140   Section        4  entry12b.o(.ARM.Collect$$$$0000000E)
    .ARM.Collect$$$$0000000F                 0x08000144   Section        0  entry10a.o(.ARM.Collect$$$$0000000F)
    .ARM.Collect$$$$00000011                 0x08000144   Section        0  entry11a.o(.ARM.Collect$$$$00000011)
    .ARM.Collect$$$$00002712                 0x08000144   Section        4  entry2.o(.ARM.Collect$$$$00002712)
    __lit__00000000                          0x08000144   Data           4  entry2.o(.ARM.Collect$$$$00002712)
    .text                                    0x08000148   Section       36  startup_stm32f10x_hd.o(.text)
    .text                                    0x0800016c   Section        0  memseta.o(.text)
    .text                                    0x08000190   Section        0  uldiv.o(.text)
    .text                                    0x080001f2   Section        0  llushr.o(.text)
    .text                                    0x08000214   Section       36  init.o(.text)
    .text                                    0x08000238   Section        0  llshl.o(.text)
    i.ADC1_GPIO_Config                       0x08000258   Section        0  main.o(i.ADC1_GPIO_Config)
    i.ADC1_Init                              0x0800027c   Section        0  main.o(i.ADC1_Init)
    i.ADC1_Mode_Config                       0x08000288   Section        0  main.o(i.ADC1_Mode_Config)
    i.ADC_Cmd                                0x0800037c   Section        0  stm32f10x_adc.o(i.ADC_Cmd)
    i.ADC_DMACmd                             0x08000392   Section        0  stm32f10x_adc.o(i.ADC_DMACmd)
    i.ADC_DeInit                             0x080003a8   Section        0  stm32f10x_adc.o(i.ADC_DeInit)
    i.ADC_GetCalibrationStatus               0x08000404   Section        0  stm32f10x_adc.o(i.ADC_GetCalibrationStatus)
    i.ADC_GetConversionValue                 0x08000418   Section        0  stm32f10x_adc.o(i.ADC_GetConversionValue)
    i.ADC_GetFlagStatus                      0x08000420   Section        0  stm32f10x_adc.o(i.ADC_GetFlagStatus)
    i.ADC_GetResetCalibrationStatus          0x08000432   Section        0  stm32f10x_adc.o(i.ADC_GetResetCalibrationStatus)
    i.ADC_Init                               0x08000448   Section        0  stm32f10x_adc.o(i.ADC_Init)
    i.ADC_RegularChannelConfig               0x08000498   Section        0  stm32f10x_adc.o(i.ADC_RegularChannelConfig)
    i.ADC_ResetCalibration                   0x08000550   Section        0  stm32f10x_adc.o(i.ADC_ResetCalibration)
    i.ADC_SoftwareStartConvCmd               0x0800055a   Section        0  stm32f10x_adc.o(i.ADC_SoftwareStartConvCmd)
    i.ADC_StartCalibration                   0x08000570   Section        0  stm32f10x_adc.o(i.ADC_StartCalibration)
    i.BEEP_Init                              0x0800057c   Section        0  main.o(i.BEEP_Init)
    i.BusFault_Handler                       0x080005b4   Section        0  stm32f10x_it.o(i.BusFault_Handler)
    i.DMA_Cmd                                0x080005b8   Section        0  stm32f10x_dma.o(i.DMA_Cmd)
    i.DMA_DeInit                             0x080005d0   Section        0  stm32f10x_dma.o(i.DMA_DeInit)
    i.DMA_Init                               0x0800071c   Section        0  stm32f10x_dma.o(i.DMA_Init)
    i.DebugMon_Handler                       0x08000758   Section        0  stm32f10x_it.o(i.DebugMon_Handler)
    i.Dht11_Pin_Mode                         0x0800075c   Section        0  gpio.o(i.Dht11_Pin_Mode)
    i.Dht11_Read                             0x080007a8   Section        0  dht11_init.o(i.Dht11_Read)
    i.Dht11_Read_Byte                        0x080007e0   Section        0  dht11_init.o(i.Dht11_Read_Byte)
    i.Dht11_Start                            0x08000858   Section        0  dht11_init.o(i.Dht11_Start)
    i.EXTI0_IRQHandler                       0x08000910   Section        0  main.o(i.EXTI0_IRQHandler)
    i.EXTI2_IRQHandler                       0x08000a04   Section        0  main.o(i.EXTI2_IRQHandler)
    i.EXTI3_IRQHandler                       0x08000a5c   Section        0  main.o(i.EXTI3_IRQHandler)
    i.EXTI4_IRQHandler                       0x08000adc   Section        0  main.o(i.EXTI4_IRQHandler)
    i.EXTI9_5_IRQHandler                     0x08000b5c   Section        0  main.o(i.EXTI9_5_IRQHandler)
    i.EXTI_ClearITPendingBit                 0x08000c1c   Section        0  stm32f10x_exti.o(i.EXTI_ClearITPendingBit)
    i.EXTI_GetITStatus                       0x08000c28   Section        0  stm32f10x_exti.o(i.EXTI_GetITStatus)
    i.EXTI_Init                              0x08000c50   Section        0  stm32f10x_exti.o(i.EXTI_Init)
    i.FLASH_ClearFlag                        0x08000ce4   Section        0  stm32f10x_flash.o(i.FLASH_ClearFlag)
    i.FLASH_ErasePage                        0x08000cf0   Section        0  stm32f10x_flash.o(i.FLASH_ErasePage)
    i.FLASH_GetBank1Status                   0x08000d3c   Section        0  stm32f10x_flash.o(i.FLASH_GetBank1Status)
    i.FLASH_Lock                             0x08000d70   Section        0  stm32f10x_flash.o(i.FLASH_Lock)
    i.FLASH_ProgramHalfWord                  0x08000d84   Section        0  stm32f10x_flash.o(i.FLASH_ProgramHalfWord)
    i.FLASH_Unlock                           0x08000dc4   Section        0  stm32f10x_flash.o(i.FLASH_Unlock)
    i.FLASH_WaitForLastOperation             0x08000ddc   Section        0  stm32f10x_flash.o(i.FLASH_WaitForLastOperation)
    i.FLASH_WriteByte                        0x08000e02   Section        0  main.o(i.FLASH_WriteByte)
    i.FSMC_NORSRAMCmd                        0x08000e48   Section        0  stm32f10x_fsmc.o(i.FSMC_NORSRAMCmd)
    i.FSMC_NORSRAMInit                       0x08000e7c   Section        0  stm32f10x_fsmc.o(i.FSMC_NORSRAMInit)
    i.GPIO_EXTILineConfig                    0x08000f64   Section        0  stm32f10x_gpio.o(i.GPIO_EXTILineConfig)
    i.GPIO_INIT                              0x08000fa4   Section        0  main.o(i.GPIO_INIT)
    i.GPIO_Init                              0x08001000   Section        0  stm32f10x_gpio.o(i.GPIO_Init)
    i.GPIO_PinRemapConfig                    0x08001118   Section        0  stm32f10x_gpio.o(i.GPIO_PinRemapConfig)
    i.GPIO_ReadInputDataBit                  0x080011a8   Section        0  stm32f10x_gpio.o(i.GPIO_ReadInputDataBit)
    i.GPIO_ResetBits                         0x080011ba   Section        0  stm32f10x_gpio.o(i.GPIO_ResetBits)
    i.GPIO_SetBits                           0x080011be   Section        0  stm32f10x_gpio.o(i.GPIO_SetBits)
    i.GPIO_Write                             0x080011c2   Section        0  stm32f10x_gpio.o(i.GPIO_Write)
    i.Get_ADC3                               0x080011c8   Section        0  main.o(i.Get_ADC3)
    i.HW_jssj                                0x080011fc   Section        0  main.o(i.HW_jssj)
    i.HardFault_Handler                      0x0800122c   Section        0  stm32f10x_it.o(i.HardFault_Handler)
    i.Hwjs_Init                              0x08001230   Section        0  main.o(i.Hwjs_Init)
    i.KEY_Init                               0x080012a0   Section        0  main.o(i.KEY_Init)
    i.LCD_Clear                              0x080012dc   Section        0  tftlcd.o(i.LCD_Clear)
    i.LCD_Display_Dir                        0x08001324   Section        0  tftlcd.o(i.LCD_Display_Dir)
    i.LCD_DrawFRONT_COLOR                    0x0800136c   Section        0  tftlcd.o(i.LCD_DrawFRONT_COLOR)
    i.LCD_INIT                               0x08001388   Section        0  main.o(i.LCD_INIT)
    i.LCD_Pow                                0x080013c8   Section        0  tftlcd.o(i.LCD_Pow)
    i.LCD_Set_Window                         0x080013de   Section        0  tftlcd.o(i.LCD_Set_Window)
    i.LCD_ShowChar                           0x08001484   Section        0  tftlcd.o(i.LCD_ShowChar)
    i.LCD_ShowFontHZ                         0x080015c0   Section        0  tftlcd.o(i.LCD_ShowFontHZ)
    i.LCD_ShowString                         0x080016a8   Section        0  tftlcd.o(i.LCD_ShowString)
    i.LCD_ShowxNum                           0x0800170e   Section        0  tftlcd.o(i.LCD_ShowxNum)
    i.LCD_WRITE_ByteDATA                     0x080017cc   Section        0  main.o(i.LCD_WRITE_ByteDATA)
    i.LCD_WRITE_CMD                          0x08001810   Section        0  main.o(i.LCD_WRITE_CMD)
    i.LCD_WRITE_StrDATA                      0x08001854   Section        0  main.o(i.LCD_WRITE_StrDATA)
    i.LCD_WriteCmd                           0x0800188c   Section        0  tftlcd.o(i.LCD_WriteCmd)
    i.LCD_WriteData                          0x08001898   Section        0  tftlcd.o(i.LCD_WriteData)
    i.LCD_WriteData_Color                    0x080018a4   Section        0  tftlcd.o(i.LCD_WriteData_Color)
    i.LED_Init                               0x080018b0   Section        0  led.o(i.LED_Init)
    i.Lsens_Get_Val                          0x080018fc   Section        0  main.o(i.Lsens_Get_Val)
    i.Lsens_Init                             0x08001938   Section        0  main.o(i.Lsens_Init)
    i.MemManage_Handler                      0x080019d8   Section        0  stm32f10x_it.o(i.MemManage_Handler)
    i.My_EXTI_Init                           0x080019dc   Section        0  main.o(i.My_EXTI_Init)
    i.NMI_Handler                            0x08001ab4   Section        0  stm32f10x_it.o(i.NMI_Handler)
    i.NVIC_Init                              0x08001ab8   Section        0  misc.o(i.NVIC_Init)
    i.NVIC_PriorityGroupConfig               0x08001b28   Section        0  misc.o(i.NVIC_PriorityGroupConfig)
    i.PendSV_Handler                         0x08001b3c   Section        0  stm32f10x_it.o(i.PendSV_Handler)
    i.RCC_AHBPeriphClockCmd                  0x08001b40   Section        0  stm32f10x_rcc.o(i.RCC_AHBPeriphClockCmd)
    i.RCC_APB2PeriphClockCmd                 0x08001b60   Section        0  stm32f10x_rcc.o(i.RCC_APB2PeriphClockCmd)
    i.RCC_APB2PeriphResetCmd                 0x08001b80   Section        0  stm32f10x_rcc.o(i.RCC_APB2PeriphResetCmd)
    i.RCC_GetClocksFreq                      0x08001ba0   Section        0  stm32f10x_rcc.o(i.RCC_GetClocksFreq)
    i.ReadBusy                               0x08001c74   Section        0  main.o(i.ReadBusy)
    i.Read_Flash                             0x08001cec   Section        0  main.o(i.Read_Flash)
    i.SVC_Handler                            0x08001d84   Section        0  stm32f10x_it.o(i.SVC_Handler)
    i.SetSysClock                            0x08001d86   Section        0  system_stm32f10x.o(i.SetSysClock)
    SetSysClock                              0x08001d87   Thumb Code     8  system_stm32f10x.o(i.SetSysClock)
    i.SetSysClockTo72                        0x08001d90   Section        0  system_stm32f10x.o(i.SetSysClockTo72)
    SetSysClockTo72                          0x08001d91   Thumb Code   214  system_stm32f10x.o(i.SetSysClockTo72)
    i.SysTick_CLKSourceConfig                0x08001e70   Section        0  misc.o(i.SysTick_CLKSourceConfig)
    i.SysTick_Handler                        0x08001e98   Section        0  stm32f10x_it.o(i.SysTick_Handler)
    i.SysTick_Init                           0x08001e9c   Section        0  systick.o(i.SysTick_Init)
    i.SystemInit                             0x08001ed8   Section        0  system_stm32f10x.o(i.SystemInit)
    i.TFTLCD_FSMC_Init                       0x08001f38   Section        0  tftlcd.o(i.TFTLCD_FSMC_Init)
    i.TFTLCD_GPIO_Init                       0x08001fb8   Section        0  tftlcd.o(i.TFTLCD_GPIO_Init)
    i.TFTLCD_Init                            0x08002050   Section        0  tftlcd.o(i.TFTLCD_Init)
    i.USART1_IRQHandler                      0x0800230c   Section        0  usart.o(i.USART1_IRQHandler)
    i.USART1_Init                            0x08002394   Section        0  usart.o(i.USART1_Init)
    i.USART_ClearFlag                        0x08002444   Section        0  stm32f10x_usart.o(i.USART_ClearFlag)
    i.USART_Cmd                              0x08002456   Section        0  stm32f10x_usart.o(i.USART_Cmd)
    i.USART_GetFlagStatus                    0x0800246e   Section        0  stm32f10x_usart.o(i.USART_GetFlagStatus)
    i.USART_GetITStatus                      0x08002488   Section        0  stm32f10x_usart.o(i.USART_GetITStatus)
    i.USART_ITConfig                         0x080024dc   Section        0  stm32f10x_usart.o(i.USART_ITConfig)
    i.USART_Init                             0x08002528   Section        0  stm32f10x_usart.o(i.USART_Init)
    i.USART_ReceiveData                      0x08002600   Section        0  stm32f10x_usart.o(i.USART_ReceiveData)
    i.USART_SendData                         0x0800260a   Section        0  stm32f10x_usart.o(i.USART_SendData)
    i.Upplusvar                              0x08002614   Section        0  main.o(i.Upplusvar)
    i.Upreducevar                            0x08002678   Section        0  main.o(i.Upreducevar)
    i.UsageFault_Handler                     0x080026dc   Section        0  stm32f10x_it.o(i.UsageFault_Handler)
    i.__0printf$5                            0x080026e0   Section        0  printf5.o(i.__0printf$5)
    i.__0sprintf$5                           0x08002700   Section        0  printf5.o(i.__0sprintf$5)
    i.__scatterload_copy                     0x08002728   Section       14  handlers.o(i.__scatterload_copy)
    i.__scatterload_null                     0x08002736   Section        2  handlers.o(i.__scatterload_null)
    i.__scatterload_zeroinit                 0x08002738   Section       14  handlers.o(i.__scatterload_zeroinit)
    i._printf_core                           0x08002748   Section        0  printf5.o(i._printf_core)
    _printf_core                             0x08002749   Thumb Code   660  printf5.o(i._printf_core)
    i._sputc                                 0x08002a08   Section        0  printf5.o(i._sputc)
    _sputc                                   0x08002a09   Thumb Code    10  printf5.o(i._sputc)
    i.alerthigh                              0x08002a14   Section        0  main.o(i.alerthigh)
    i.alertlow                               0x08002ad8   Section        0  main.o(i.alertlow)
    i.choosedetect                           0x08002b9c   Section        0  main.o(i.choosedetect)
    i.code_analysis                          0x08002c5c   Section        0  main.o(i.code_analysis)
    i.delay_ms                               0x08002d54   Section        0  systick.o(i.delay_ms)
    i.delay_us                               0x08002da0   Section        0  systick.o(i.delay_us)
    i.displayscale                           0x08002dec   Section        0  main.o(i.displayscale)
    i.downplusvar                            0x08002f3c   Section        0  main.o(i.downplusvar)
    i.downreducevar                          0x08002fa0   Section        0  main.o(i.downreducevar)
    i.fputc                                  0x08003004   Section        0  usart.o(i.fputc)
    i.initGPIO                               0x08003028   Section        0  gpio.o(i.initGPIO)
    i.main                                   0x0800307c   Section        0  main.o(i.main)
    .constdata                               0x08003520   Section    20246  tftlcd.o(.constdata)
    .data                                    0x20000000   Section       54  main.o(.data)
    key                                      0x20000035   Data           1  main.o(.data)
    .data                                    0x20000036   Section        4  gpio.o(.data)
    .data                                    0x2000003a   Section       20  stm32f10x_rcc.o(.data)
    APBAHBPrescTable                         0x2000003a   Data          16  stm32f10x_rcc.o(.data)
    ADCPrescTable                            0x2000004a   Data           4  stm32f10x_rcc.o(.data)
    .data                                    0x2000004e   Section       12  tftlcd.o(.data)
    .data                                    0x2000005a   Section        4  systick.o(.data)
    fac_us                                   0x2000005a   Data           1  systick.o(.data)
    fac_ms                                   0x2000005c   Data           2  systick.o(.data)
    .data                                    0x2000005e   Section        2  usart.o(.data)
    .data                                    0x20000060   Section        4  stdout.o(.data)
    .bss                                     0x20000064   Section       36  main.o(.bss)
    .bss                                     0x20000088   Section      200  usart.o(.bss)
    STACK                                    0x20000150   Section     1024  startup_stm32f10x_hd.o(STACK)

    Global Symbols

    Symbol Name                              Value     Ov Type        Size  Object(Section)

    BuildAttributes$$THM_ISAv4$P$D$K$B$S$PE$A:L22UL41UL21$X:L11$S22US41US21$IEEE1$IW$USESV6$~STKCKD$USESV7$~SHL$OSPACE$ROPI$EBA8$MICROLIB$REQ8$PRES8$EABIv2 0x00000000   Number         0  anon$$obj.o ABSOLUTE
    __ARM_use_no_argv                        0x00000000   Number         0  main.o ABSOLUTE
    _printf_a                                0x00000000   Number         0  stubs.o ABSOLUTE
    _printf_c                                0x00000000   Number         0  stubs.o ABSOLUTE
    _printf_charcount                        0x00000000   Number         0  stubs.o ABSOLUTE
    _printf_d                                0x00000000   Number         0  stubs.o ABSOLUTE
    _printf_e                                0x00000000   Number         0  stubs.o ABSOLUTE
    _printf_f                                0x00000000   Number         0  stubs.o ABSOLUTE
    _printf_flags                            0x00000000   Number         0  stubs.o ABSOLUTE
    _printf_fp_dec                           0x00000000   Number         0  stubs.o ABSOLUTE
    _printf_fp_hex                           0x00000000   Number         0  stubs.o ABSOLUTE
    _printf_g                                0x00000000   Number         0  stubs.o ABSOLUTE
    _printf_i                                0x00000000   Number         0  stubs.o ABSOLUTE
    _printf_int_dec                          0x00000000   Number         0  stubs.o ABSOLUTE
    _printf_l                                0x00000000   Number         0  stubs.o ABSOLUTE
    _printf_lc                               0x00000000   Number         0  stubs.o ABSOLUTE
    _printf_ll                               0x00000000   Number         0  stubs.o ABSOLUTE
    _printf_lld                              0x00000000   Number         0  stubs.o ABSOLUTE
    _printf_lli                              0x00000000   Number         0  stubs.o ABSOLUTE
    _printf_llo                              0x00000000   Number         0  stubs.o ABSOLUTE
    _printf_llu                              0x00000000   Number         0  stubs.o ABSOLUTE
    _printf_llx                              0x00000000   Number         0  stubs.o ABSOLUTE
    _printf_longlong_dec                     0x00000000   Number         0  stubs.o ABSOLUTE
    _printf_longlong_hex                     0x00000000   Number         0  stubs.o ABSOLUTE
    _printf_longlong_oct                     0x00000000   Number         0  stubs.o ABSOLUTE
    _printf_ls                               0x00000000   Number         0  stubs.o ABSOLUTE
    _printf_mbtowc                           0x00000000   Number         0  stubs.o ABSOLUTE
    _printf_n                                0x00000000   Number         0  stubs.o ABSOLUTE
    _printf_o                                0x00000000   Number         0  stubs.o ABSOLUTE
    _printf_p                                0x00000000   Number         0  stubs.o ABSOLUTE
    _printf_percent                          0x00000000   Number         0  stubs.o ABSOLUTE
    _printf_pre_padding                      0x00000000   Number         0  stubs.o ABSOLUTE
    _printf_return_value                     0x00000000   Number         0  stubs.o ABSOLUTE
    _printf_s                                0x00000000   Number         0  stubs.o ABSOLUTE
    _printf_sizespec                         0x00000000   Number         0  stubs.o ABSOLUTE
    _printf_str                              0x00000000   Number         0  stubs.o ABSOLUTE
    _printf_truncate_signed                  0x00000000   Number         0  stubs.o ABSOLUTE
    _printf_truncate_unsigned                0x00000000   Number         0  stubs.o ABSOLUTE
    _printf_u                                0x00000000   Number         0  stubs.o ABSOLUTE
    _printf_wc                               0x00000000   Number         0  stubs.o ABSOLUTE
    _printf_wctomb                           0x00000000   Number         0  stubs.o ABSOLUTE
    _printf_widthprec                        0x00000000   Number         0  stubs.o ABSOLUTE
    _printf_x                                0x00000000   Number         0  stubs.o ABSOLUTE
    __arm_fini_                               - Undefined Weak Reference
    __cpp_initialize__aeabi_                  - Undefined Weak Reference
    __cxa_finalize                            - Undefined Weak Reference
    __decompress                              - Undefined Weak Reference
    _clock_init                               - Undefined Weak Reference
    _microlib_exit                            - Undefined Weak Reference
    __Vectors_Size                           0x00000130   Number         0  startup_stm32f10x_hd.o ABSOLUTE
    __Vectors                                0x08000000   Data           4  startup_stm32f10x_hd.o(RESET)
    __Vectors_End                            0x08000130   Data           0  startup_stm32f10x_hd.o(RESET)
    __main                                   0x08000131   Thumb Code     0  entry.o(.ARM.Collect$$$$00000000)
    _main_stk                                0x08000131   Thumb Code     0  entry2.o(.ARM.Collect$$$$00000001)
    _main_scatterload                        0x08000135   Thumb Code     0  entry5.o(.ARM.Collect$$$$00000004)
    __main_after_scatterload                 0x08000139   Thumb Code     0  entry5.o(.ARM.Collect$$$$00000004)
    _main_clock                              0x08000139   Thumb Code     0  entry7b.o(.ARM.Collect$$$$00000008)
    _main_cpp_init                           0x08000139   Thumb Code     0  entry8b.o(.ARM.Collect$$$$0000000A)
    _main_init                               0x08000139   Thumb Code     0  entry9a.o(.ARM.Collect$$$$0000000B)
    __rt_lib_shutdown_fini                   0x08000141   Thumb Code     0  entry12b.o(.ARM.Collect$$$$0000000E)
    __rt_final_cpp                           0x08000145   Thumb Code     0  entry10a.o(.ARM.Collect$$$$0000000F)
    __rt_final_exit                          0x08000145   Thumb Code     0  entry11a.o(.ARM.Collect$$$$00000011)
    Reset_Handler                            0x08000149   Thumb Code     8  startup_stm32f10x_hd.o(.text)
    ADC1_2_IRQHandler                        0x08000163   Thumb Code     0  startup_stm32f10x_hd.o(.text)
    ADC3_IRQHandler                          0x08000163   Thumb Code     0  startup_stm32f10x_hd.o(.text)
    CAN1_RX1_IRQHandler                      0x08000163   Thumb Code     0  startup_stm32f10x_hd.o(.text)
    CAN1_SCE_IRQHandler                      0x08000163   Thumb Code     0  startup_stm32f10x_hd.o(.text)
    DMA1_Channel1_IRQHandler                 0x08000163   Thumb Code     0  startup_stm32f10x_hd.o(.text)
    DMA1_Channel2_IRQHandler                 0x08000163   Thumb Code     0  startup_stm32f10x_hd.o(.text)
    DMA1_Channel3_IRQHandler                 0x08000163   Thumb Code     0  startup_stm32f10x_hd.o(.text)
    DMA1_Channel4_IRQHandler                 0x08000163   Thumb Code     0  startup_stm32f10x_hd.o(.text)
    DMA1_Channel5_IRQHandler                 0x08000163   Thumb Code     0  startup_stm32f10x_hd.o(.text)
    DMA1_Channel6_IRQHandler                 0x08000163   Thumb Code     0  startup_stm32f10x_hd.o(.text)
    DMA1_Channel7_IRQHandler                 0x08000163   Thumb Code     0  startup_stm32f10x_hd.o(.text)
    DMA2_Channel1_IRQHandler                 0x08000163   Thumb Code     0  startup_stm32f10x_hd.o(.text)
    DMA2_Channel2_IRQHandler                 0x08000163   Thumb Code     0  startup_stm32f10x_hd.o(.text)
    DMA2_Channel3_IRQHandler                 0x08000163   Thumb Code     0  startup_stm32f10x_hd.o(.text)
    DMA2_Channel4_5_IRQHandler               0x08000163   Thumb Code     0  startup_stm32f10x_hd.o(.text)
    EXTI15_10_IRQHandler                     0x08000163   Thumb Code     0  startup_stm32f10x_hd.o(.text)
    EXTI1_IRQHandler                         0x08000163   Thumb Code     0  startup_stm32f10x_hd.o(.text)
    FLASH_IRQHandler                         0x08000163   Thumb Code     0  startup_stm32f10x_hd.o(.text)
    FSMC_IRQHandler                          0x08000163   Thumb Code     0  startup_stm32f10x_hd.o(.text)
    I2C1_ER_IRQHandler                       0x08000163   Thumb Code     0  startup_stm32f10x_hd.o(.text)
    I2C1_EV_IRQHandler                       0x08000163   Thumb Code     0  startup_stm32f10x_hd.o(.text)
    I2C2_ER_IRQHandler                       0x08000163   Thumb Code     0  startup_stm32f10x_hd.o(.text)
    I2C2_EV_IRQHandler                       0x08000163   Thumb Code     0  startup_stm32f10x_hd.o(.text)
    PVD_IRQHandler                           0x08000163   Thumb Code     0  startup_stm32f10x_hd.o(.text)
    RCC_IRQHandler                           0x08000163   Thumb Code     0  startup_stm32f10x_hd.o(.text)
    RTCAlarm_IRQHandler                      0x08000163   Thumb Code     0  startup_stm32f10x_hd.o(.text)
    RTC_IRQHandler                           0x08000163   Thumb Code     0  startup_stm32f10x_hd.o(.text)
    SDIO_IRQHandler                          0x08000163   Thumb Code     0  startup_stm32f10x_hd.o(.text)
    SPI1_IRQHandler                          0x08000163   Thumb Code     0  startup_stm32f10x_hd.o(.text)
    SPI2_IRQHandler                          0x08000163   Thumb Code     0  startup_stm32f10x_hd.o(.text)
    SPI3_IRQHandler                          0x08000163   Thumb Code     0  startup_stm32f10x_hd.o(.text)
    TAMPER_IRQHandler                        0x08000163   Thumb Code     0  startup_stm32f10x_hd.o(.text)
    TIM1_BRK_IRQHandler                      0x08000163   Thumb Code     0  startup_stm32f10x_hd.o(.text)
    TIM1_CC_IRQHandler                       0x08000163   Thumb Code     0  startup_stm32f10x_hd.o(.text)
    TIM1_TRG_COM_IRQHandler                  0x08000163   Thumb Code     0  startup_stm32f10x_hd.o(.text)
    TIM1_UP_IRQHandler                       0x08000163   Thumb Code     0  startup_stm32f10x_hd.o(.text)
    TIM2_IRQHandler                          0x08000163   Thumb Code     0  startup_stm32f10x_hd.o(.text)
    TIM3_IRQHandler                          0x08000163   Thumb Code     0  startup_stm32f10x_hd.o(.text)
    TIM4_IRQHandler                          0x08000163   Thumb Code     0  startup_stm32f10x_hd.o(.text)
    TIM5_IRQHandler                          0x08000163   Thumb Code     0  startup_stm32f10x_hd.o(.text)
    TIM6_IRQHandler                          0x08000163   Thumb Code     0  startup_stm32f10x_hd.o(.text)
    TIM7_IRQHandler                          0x08000163   Thumb Code     0  startup_stm32f10x_hd.o(.text)
    TIM8_BRK_IRQHandler                      0x08000163   Thumb Code     0  startup_stm32f10x_hd.o(.text)
    TIM8_CC_IRQHandler                       0x08000163   Thumb Code     0  startup_stm32f10x_hd.o(.text)
    TIM8_TRG_COM_IRQHandler                  0x08000163   Thumb Code     0  startup_stm32f10x_hd.o(.text)
    TIM8_UP_IRQHandler                       0x08000163   Thumb Code     0  startup_stm32f10x_hd.o(.text)
    UART4_IRQHandler                         0x08000163   Thumb Code     0  startup_stm32f10x_hd.o(.text)
    UART5_IRQHandler                         0x08000163   Thumb Code     0  startup_stm32f10x_hd.o(.text)
    USART2_IRQHandler                        0x08000163   Thumb Code     0  startup_stm32f10x_hd.o(.text)
    USART3_IRQHandler                        0x08000163   Thumb Code     0  startup_stm32f10x_hd.o(.text)
    USBWakeUp_IRQHandler                     0x08000163   Thumb Code     0  startup_stm32f10x_hd.o(.text)
    USB_HP_CAN1_TX_IRQHandler                0x08000163   Thumb Code     0  startup_stm32f10x_hd.o(.text)
    USB_LP_CAN1_RX0_IRQHandler               0x08000163   Thumb Code     0  startup_stm32f10x_hd.o(.text)
    WWDG_IRQHandler                          0x08000163   Thumb Code     0  startup_stm32f10x_hd.o(.text)
    __aeabi_memset                           0x0800016d   Thumb Code    14  memseta.o(.text)
    __aeabi_memset4                          0x0800016d   Thumb Code     0  memseta.o(.text)
    __aeabi_memset8                          0x0800016d   Thumb Code     0  memseta.o(.text)
    __aeabi_memclr                           0x0800017b   Thumb Code     4  memseta.o(.text)
    __aeabi_memclr4                          0x0800017b   Thumb Code     0  memseta.o(.text)
    __aeabi_memclr8                          0x0800017b   Thumb Code     0  memseta.o(.text)
    _memset$wrapper                          0x0800017f   Thumb Code    18  memseta.o(.text)
    __aeabi_uldivmod                         0x08000191   Thumb Code    98  uldiv.o(.text)
    __aeabi_llsr                             0x080001f3   Thumb Code    32  llushr.o(.text)
    _ll_ushift_r                             0x080001f3   Thumb Code     0  llushr.o(.text)
    __scatterload                            0x08000215   Thumb Code    28  init.o(.text)
    __scatterload_rt2                        0x08000215   Thumb Code     0  init.o(.text)
    __aeabi_llsl                             0x08000239   Thumb Code    30  llshl.o(.text)
    _ll_shift_l                              0x08000239   Thumb Code     0  llshl.o(.text)
    ADC1_GPIO_Config                         0x08000259   Thumb Code    32  main.o(i.ADC1_GPIO_Config)
    ADC1_Init                                0x0800027d   Thumb Code    12  main.o(i.ADC1_Init)
    ADC1_Mode_Config                         0x08000289   Thumb Code   232  main.o(i.ADC1_Mode_Config)
    ADC_Cmd                                  0x0800037d   Thumb Code    22  stm32f10x_adc.o(i.ADC_Cmd)
    ADC_DMACmd                               0x08000393   Thumb Code    22  stm32f10x_adc.o(i.ADC_DMACmd)
    ADC_DeInit                               0x080003a9   Thumb Code    78  stm32f10x_adc.o(i.ADC_DeInit)
    ADC_GetCalibrationStatus                 0x08000405   Thumb Code    20  stm32f10x_adc.o(i.ADC_GetCalibrationStatus)
    ADC_GetConversionValue                   0x08000419   Thumb Code     8  stm32f10x_adc.o(i.ADC_GetConversionValue)
    ADC_GetFlagStatus                        0x08000421   Thumb Code    18  stm32f10x_adc.o(i.ADC_GetFlagStatus)
    ADC_GetResetCalibrationStatus            0x08000433   Thumb Code    20  stm32f10x_adc.o(i.ADC_GetResetCalibrationStatus)
    ADC_Init                                 0x08000449   Thumb Code    70  stm32f10x_adc.o(i.ADC_Init)
    ADC_RegularChannelConfig                 0x08000499   Thumb Code   184  stm32f10x_adc.o(i.ADC_RegularChannelConfig)
    ADC_ResetCalibration                     0x08000551   Thumb Code    10  stm32f10x_adc.o(i.ADC_ResetCalibration)
    ADC_SoftwareStartConvCmd                 0x0800055b   Thumb Code    22  stm32f10x_adc.o(i.ADC_SoftwareStartConvCmd)
    ADC_StartCalibration                     0x08000571   Thumb Code    10  stm32f10x_adc.o(i.ADC_StartCalibration)
    BEEP_Init                                0x0800057d   Thumb Code    50  main.o(i.BEEP_Init)
    BusFault_Handler                         0x080005b5   Thumb Code     4  stm32f10x_it.o(i.BusFault_Handler)
    DMA_Cmd                                  0x080005b9   Thumb Code    24  stm32f10x_dma.o(i.DMA_Cmd)
    DMA_DeInit                               0x080005d1   Thumb Code   324  stm32f10x_dma.o(i.DMA_DeInit)
    DMA_Init                                 0x0800071d   Thumb Code    60  stm32f10x_dma.o(i.DMA_Init)
    DebugMon_Handler                         0x08000759   Thumb Code     2  stm32f10x_it.o(i.DebugMon_Handler)
    Dht11_Pin_Mode                           0x0800075d   Thumb Code    72  gpio.o(i.Dht11_Pin_Mode)
    Dht11_Read                               0x080007a9   Thumb Code    54  dht11_init.o(i.Dht11_Read)
    Dht11_Read_Byte                          0x080007e1   Thumb Code   114  dht11_init.o(i.Dht11_Read_Byte)
    Dht11_Start                              0x08000859   Thumb Code   178  dht11_init.o(i.Dht11_Start)
    EXTI0_IRQHandler                         0x08000911   Thumb Code   192  main.o(i.EXTI0_IRQHandler)
    EXTI2_IRQHandler                         0x08000a05   Thumb Code    76  main.o(i.EXTI2_IRQHandler)
    EXTI3_IRQHandler                         0x08000a5d   Thumb Code   110  main.o(i.EXTI3_IRQHandler)
    EXTI4_IRQHandler                         0x08000add   Thumb Code   110  main.o(i.EXTI4_IRQHandler)
    EXTI9_5_IRQHandler                       0x08000b5d   Thumb Code   156  main.o(i.EXTI9_5_IRQHandler)
    EXTI_ClearITPendingBit                   0x08000c1d   Thumb Code     6  stm32f10x_exti.o(i.EXTI_ClearITPendingBit)
    EXTI_GetITStatus                         0x08000c29   Thumb Code    34  stm32f10x_exti.o(i.EXTI_GetITStatus)
    EXTI_Init                                0x08000c51   Thumb Code   142  stm32f10x_exti.o(i.EXTI_Init)
    FLASH_ClearFlag                          0x08000ce5   Thumb Code     6  stm32f10x_flash.o(i.FLASH_ClearFlag)
    FLASH_ErasePage                          0x08000cf1   Thumb Code    72  stm32f10x_flash.o(i.FLASH_ErasePage)
    FLASH_GetBank1Status                     0x08000d3d   Thumb Code    48  stm32f10x_flash.o(i.FLASH_GetBank1Status)
    FLASH_Lock                               0x08000d71   Thumb Code    14  stm32f10x_flash.o(i.FLASH_Lock)
    FLASH_ProgramHalfWord                    0x08000d85   Thumb Code    60  stm32f10x_flash.o(i.FLASH_ProgramHalfWord)
    FLASH_Unlock                             0x08000dc5   Thumb Code    12  stm32f10x_flash.o(i.FLASH_Unlock)
    FLASH_WaitForLastOperation               0x08000ddd   Thumb Code    38  stm32f10x_flash.o(i.FLASH_WaitForLastOperation)
    FLASH_WriteByte                          0x08000e03   Thumb Code    68  main.o(i.FLASH_WriteByte)
    FSMC_NORSRAMCmd                          0x08000e49   Thumb Code    46  stm32f10x_fsmc.o(i.FSMC_NORSRAMCmd)
    FSMC_NORSRAMInit                         0x08000e7d   Thumb Code   230  stm32f10x_fsmc.o(i.FSMC_NORSRAMInit)
    GPIO_EXTILineConfig                      0x08000f65   Thumb Code    60  stm32f10x_gpio.o(i.GPIO_EXTILineConfig)
    GPIO_INIT                                0x08000fa5   Thumb Code    80  main.o(i.GPIO_INIT)
    GPIO_Init                                0x08001001   Thumb Code   278  stm32f10x_gpio.o(i.GPIO_Init)
    GPIO_PinRemapConfig                      0x08001119   Thumb Code   138  stm32f10x_gpio.o(i.GPIO_PinRemapConfig)
    GPIO_ReadInputDataBit                    0x080011a9   Thumb Code    18  stm32f10x_gpio.o(i.GPIO_ReadInputDataBit)
    GPIO_ResetBits                           0x080011bb   Thumb Code     4  stm32f10x_gpio.o(i.GPIO_ResetBits)
    GPIO_SetBits                             0x080011bf   Thumb Code     4  stm32f10x_gpio.o(i.GPIO_SetBits)
    GPIO_Write                               0x080011c3   Thumb Code     4  stm32f10x_gpio.o(i.GPIO_Write)
    Get_ADC3                                 0x080011c9   Thumb Code    46  main.o(i.Get_ADC3)
    HW_jssj                                  0x080011fd   Thumb Code    42  main.o(i.HW_jssj)
    HardFault_Handler                        0x0800122d   Thumb Code     4  stm32f10x_it.o(i.HardFault_Handler)
    Hwjs_Init                                0x08001231   Thumb Code   108  main.o(i.Hwjs_Init)
    KEY_Init                                 0x080012a1   Thumb Code    52  main.o(i.KEY_Init)
    LCD_Clear                                0x080012dd   Thumb Code    68  tftlcd.o(i.LCD_Clear)
    LCD_Display_Dir                          0x08001325   Thumb Code    66  tftlcd.o(i.LCD_Display_Dir)
    LCD_DrawFRONT_COLOR                      0x0800136d   Thumb Code    28  tftlcd.o(i.LCD_DrawFRONT_COLOR)
    LCD_INIT                                 0x08001389   Thumb Code    56  main.o(i.LCD_INIT)
    LCD_Pow                                  0x080013c9   Thumb Code    22  tftlcd.o(i.LCD_Pow)
    LCD_Set_Window                           0x080013df   Thumb Code   166  tftlcd.o(i.LCD_Set_Window)
    LCD_ShowChar                             0x08001485   Thumb Code   288  tftlcd.o(i.LCD_ShowChar)
    LCD_ShowFontHZ                           0x080015c1   Thumb Code   220  tftlcd.o(i.LCD_ShowFontHZ)
    LCD_ShowString                           0x080016a9   Thumb Code   102  tftlcd.o(i.LCD_ShowString)
    LCD_ShowxNum                             0x0800170f   Thumb Code   190  tftlcd.o(i.LCD_ShowxNum)
    LCD_WRITE_ByteDATA                       0x080017cd   Thumb Code    58  main.o(i.LCD_WRITE_ByteDATA)
    LCD_WRITE_CMD                            0x08001811   Thumb Code    58  main.o(i.LCD_WRITE_CMD)
    LCD_WRITE_StrDATA                        0x08001855   Thumb Code    54  main.o(i.LCD_WRITE_StrDATA)
    LCD_WriteCmd                             0x0800188d   Thumb Code     6  tftlcd.o(i.LCD_WriteCmd)
    LCD_WriteData                            0x08001899   Thumb Code     6  tftlcd.o(i.LCD_WriteData)
    LCD_WriteData_Color                      0x080018a5   Thumb Code     6  tftlcd.o(i.LCD_WriteData_Color)
    LED_Init                                 0x080018b1   Thumb Code    68  led.o(i.LED_Init)
    Lsens_Get_Val                            0x080018fd   Thumb Code    60  main.o(i.Lsens_Get_Val)
    Lsens_Init                               0x08001939   Thumb Code   150  main.o(i.Lsens_Init)
    MemManage_Handler                        0x080019d9   Thumb Code     4  stm32f10x_it.o(i.MemManage_Handler)
    My_EXTI_Init                             0x080019dd   Thumb Code   216  main.o(i.My_EXTI_Init)
    NMI_Handler                              0x08001ab5   Thumb Code     2  stm32f10x_it.o(i.NMI_Handler)
    NVIC_Init                                0x08001ab9   Thumb Code   100  misc.o(i.NVIC_Init)
    NVIC_PriorityGroupConfig                 0x08001b29   Thumb Code    10  misc.o(i.NVIC_PriorityGroupConfig)
    PendSV_Handler                           0x08001b3d   Thumb Code     2  stm32f10x_it.o(i.PendSV_Handler)
    RCC_AHBPeriphClockCmd                    0x08001b41   Thumb Code    26  stm32f10x_rcc.o(i.RCC_AHBPeriphClockCmd)
    RCC_APB2PeriphClockCmd                   0x08001b61   Thumb Code    26  stm32f10x_rcc.o(i.RCC_APB2PeriphClockCmd)
    RCC_APB2PeriphResetCmd                   0x08001b81   Thumb Code    26  stm32f10x_rcc.o(i.RCC_APB2PeriphResetCmd)
    RCC_GetClocksFreq                        0x08001ba1   Thumb Code   192  stm32f10x_rcc.o(i.RCC_GetClocksFreq)
    ReadBusy                                 0x08001c75   Thumb Code   110  main.o(i.ReadBusy)
    Read_Flash                               0x08001ced   Thumb Code   120  main.o(i.Read_Flash)
    SVC_Handler                              0x08001d85   Thumb Code     2  stm32f10x_it.o(i.SVC_Handler)
    SysTick_CLKSourceConfig                  0x08001e71   Thumb Code    40  misc.o(i.SysTick_CLKSourceConfig)
    SysTick_Handler                          0x08001e99   Thumb Code     2  stm32f10x_it.o(i.SysTick_Handler)
    SysTick_Init                             0x08001e9d   Thumb Code    52  systick.o(i.SysTick_Init)
    SystemInit                               0x08001ed9   Thumb Code    78  system_stm32f10x.o(i.SystemInit)
    TFTLCD_FSMC_Init                         0x08001f39   Thumb Code   126  tftlcd.o(i.TFTLCD_FSMC_Init)
    TFTLCD_GPIO_Init                         0x08001fb9   Thumb Code   130  tftlcd.o(i.TFTLCD_GPIO_Init)
    TFTLCD_Init                              0x08002051   Thumb Code   674  tftlcd.o(i.TFTLCD_Init)
    USART1_IRQHandler                        0x0800230d   Thumb Code   122  usart.o(i.USART1_IRQHandler)
    USART1_Init                              0x08002395   Thumb Code   166  usart.o(i.USART1_Init)
    USART_ClearFlag                          0x08002445   Thumb Code    18  stm32f10x_usart.o(i.USART_ClearFlag)
    USART_Cmd                                0x08002457   Thumb Code    24  stm32f10x_usart.o(i.USART_Cmd)
    USART_GetFlagStatus                      0x0800246f   Thumb Code    26  stm32f10x_usart.o(i.USART_GetFlagStatus)
    USART_GetITStatus                        0x08002489   Thumb Code    84  stm32f10x_usart.o(i.USART_GetITStatus)
    USART_ITConfig                           0x080024dd   Thumb Code    74  stm32f10x_usart.o(i.USART_ITConfig)
    USART_Init                               0x08002529   Thumb Code   210  stm32f10x_usart.o(i.USART_Init)
    USART_ReceiveData                        0x08002601   Thumb Code    10  stm32f10x_usart.o(i.USART_ReceiveData)
    USART_SendData                           0x0800260b   Thumb Code     8  stm32f10x_usart.o(i.USART_SendData)
    Upplusvar                                0x08002615   Thumb Code    80  main.o(i.Upplusvar)
    Upreducevar                              0x08002679   Thumb Code    80  main.o(i.Upreducevar)
    UsageFault_Handler                       0x080026dd   Thumb Code     4  stm32f10x_it.o(i.UsageFault_Handler)
    __0printf$5                              0x080026e1   Thumb Code    22  printf5.o(i.__0printf$5)
    __1printf$5                              0x080026e1   Thumb Code     0  printf5.o(i.__0printf$5)
    __2printf                                0x080026e1   Thumb Code     0  printf5.o(i.__0printf$5)
    __0sprintf$5                             0x08002701   Thumb Code    34  printf5.o(i.__0sprintf$5)
    __1sprintf$5                             0x08002701   Thumb Code     0  printf5.o(i.__0sprintf$5)
    __2sprintf                               0x08002701   Thumb Code     0  printf5.o(i.__0sprintf$5)
    __scatterload_copy                       0x08002729   Thumb Code    14  handlers.o(i.__scatterload_copy)
    __scatterload_null                       0x08002737   Thumb Code     2  handlers.o(i.__scatterload_null)
    __scatterload_zeroinit                   0x08002739   Thumb Code    14  handlers.o(i.__scatterload_zeroinit)
    alerthigh                                0x08002a15   Thumb Code   114  main.o(i.alerthigh)
    alertlow                                 0x08002ad9   Thumb Code   114  main.o(i.alertlow)
    choosedetect                             0x08002b9d   Thumb Code   124  main.o(i.choosedetect)
    code_analysis                            0x08002c5d   Thumb Code   204  main.o(i.code_analysis)
    delay_ms                                 0x08002d55   Thumb Code    72  systick.o(i.delay_ms)
    delay_us                                 0x08002da1   Thumb Code    72  systick.o(i.delay_us)
    displayscale                             0x08002ded   Thumb Code   292  main.o(i.displayscale)
    downplusvar                              0x08002f3d   Thumb Code    80  main.o(i.downplusvar)
    downreducevar                            0x08002fa1   Thumb Code    80  main.o(i.downreducevar)
    fputc                                    0x08003005   Thumb Code    32  usart.o(i.fputc)
    initGPIO                                 0x08003029   Thumb Code    76  gpio.o(i.initGPIO)
    main                                     0x0800307d   Thumb Code   938  main.o(i.main)
    ascii_1206                               0x08003520   Data        1140  tftlcd.o(.constdata)
    ascii_1608                               0x08003994   Data        1520  tftlcd.o(.constdata)
    ascii_2412                               0x08003f84   Data        3420  tftlcd.o(.constdata)
    ascii_3216                               0x08004ce0   Data       12160  tftlcd.o(.constdata)
    CnChar32x29                              0x08007c60   Data        2006  tftlcd.o(.constdata)
    Region$$Table$$Base                      0x08008438   Number         0  anon$$obj.o(Region$$Table)
    Region$$Table$$Limit                     0x08008458   Number         0  anon$$obj.o(Region$$Table)
    ADC_ConvertedValue                       0x20000000   Data           2  main.o(.data)
    ADCConvertedValue                        0x20000002   Data           4  main.o(.data)
    Tempupscale                              0x20000008   Data           4  main.o(.data)
    Tempdownscale                            0x2000000c   Data           4  main.o(.data)
    Moisupscale                              0x20000010   Data           4  main.o(.data)
    Moisdownscale                            0x20000014   Data           4  main.o(.data)
    Waterupscale                             0x20000018   Data           4  main.o(.data)
    Waterdownscale                           0x2000001c   Data           4  main.o(.data)
    Lightupscale                             0x20000020   Data           4  main.o(.data)
    Lightdownscale                           0x20000024   Data           4  main.o(.data)
    choose                                   0x20000028   Data           4  main.o(.data)
    upordown                                 0x2000002c   Data           4  main.o(.data)
    hw_jsm                                   0x20000030   Data           4  main.o(.data)
    hw_jsbz                                  0x20000034   Data           1  main.o(.data)
    GPIO_InitStructure                       0x20000036   Data           4  gpio.o(.data)
    FRONT_COLOR                              0x2000004e   Data           2  tftlcd.o(.data)
    BACK_COLOR                               0x20000050   Data           2  tftlcd.o(.data)
    tftlcd_data                              0x20000052   Data           8  tftlcd.o(.data)
    USART1_RX_STA                            0x2000005e   Data           2  usart.o(.data)
    __stdout                                 0x20000060   Data           4  stdout.o(.data)
    data                                     0x20000064   Data          36  main.o(.bss)
    USART1_RX_BUF                            0x20000088   Data         200  usart.o(.bss)
    __initial_sp                             0x20000550   Data           0  startup_stm32f10x_hd.o(STACK)



==============================================================================

Memory Map of the image

  Image Entry point : 0x08000131

  Load Region LR_IROM1 (Base: 0x08000000, Size: 0x000084bc, Max: 0x00080000, ABSOLUTE)

    Execution Region ER_IROM1 (Exec base: 0x08000000, Load base: 0x08000000, Size: 0x00008458, Max: 0x00080000, ABSOLUTE)

    Exec Addr    Load Addr    Size         Type   Attr      Idx    E Section Name        Object

    0x08000000   0x08000000   0x00000130   Data   RO          502    RESET               startup_stm32f10x_hd.o
    0x08000130   0x08000130   0x00000000   Code   RO         3116  * .ARM.Collect$$$$00000000  mc_w.l(entry.o)
    0x08000130   0x08000130   0x00000004   Code   RO         3388    .ARM.Collect$$$$00000001  mc_w.l(entry2.o)
    0x08000134   0x08000134   0x00000004   Code   RO         3391    .ARM.Collect$$$$00000004  mc_w.l(entry5.o)
    0x08000138   0x08000138   0x00000000   Code   RO         3393    .ARM.Collect$$$$00000008  mc_w.l(entry7b.o)
    0x08000138   0x08000138   0x00000000   Code   RO         3395    .ARM.Collect$$$$0000000A  mc_w.l(entry8b.o)
    0x08000138   0x08000138   0x00000008   Code   RO         3396    .ARM.Collect$$$$0000000B  mc_w.l(entry9a.o)
    0x08000140   0x08000140   0x00000004   Code   RO         3403    .ARM.Collect$$$$0000000E  mc_w.l(entry12b.o)
    0x08000144   0x08000144   0x00000000   Code   RO         3398    .ARM.Collect$$$$0000000F  mc_w.l(entry10a.o)
    0x08000144   0x08000144   0x00000000   Code   RO         3400    .ARM.Collect$$$$00000011  mc_w.l(entry11a.o)
    0x08000144   0x08000144   0x00000004   Code   RO         3389    .ARM.Collect$$$$00002712  mc_w.l(entry2.o)
    0x08000148   0x08000148   0x00000024   Code   RO          503    .text               startup_stm32f10x_hd.o
    0x0800016c   0x0800016c   0x00000024   Code   RO         3119    .text               mc_w.l(memseta.o)
    0x08000190   0x08000190   0x00000062   Code   RO         3407    .text               mc_w.l(uldiv.o)
    0x080001f2   0x080001f2   0x00000020   Code   RO         3409    .text               mc_w.l(llushr.o)
    0x08000212   0x08000212   0x00000002   PAD
    0x08000214   0x08000214   0x00000024   Code   RO         3422    .text               mc_w.l(init.o)
    0x08000238   0x08000238   0x0000001e   Code   RO         3424    .text               mc_w.l(llshl.o)
    0x08000256   0x08000256   0x00000002   PAD
    0x08000258   0x08000258   0x00000024   Code   RO            1    i.ADC1_GPIO_Config  main.o
    0x0800027c   0x0800027c   0x0000000c   Code   RO            2    i.ADC1_Init         main.o
    0x08000288   0x08000288   0x000000f4   Code   RO            3    i.ADC1_Mode_Config  main.o
    0x0800037c   0x0800037c   0x00000016   Code   RO         1880    i.ADC_Cmd           stm32f10x_adc.o
    0x08000392   0x08000392   0x00000016   Code   RO         1881    i.ADC_DMACmd        stm32f10x_adc.o
    0x080003a8   0x080003a8   0x0000005c   Code   RO         1882    i.ADC_DeInit        stm32f10x_adc.o
    0x08000404   0x08000404   0x00000014   Code   RO         1888    i.ADC_GetCalibrationStatus  stm32f10x_adc.o
    0x08000418   0x08000418   0x00000008   Code   RO         1889    i.ADC_GetConversionValue  stm32f10x_adc.o
    0x08000420   0x08000420   0x00000012   Code   RO         1891    i.ADC_GetFlagStatus  stm32f10x_adc.o
    0x08000432   0x08000432   0x00000014   Code   RO         1894    i.ADC_GetResetCalibrationStatus  stm32f10x_adc.o
    0x08000446   0x08000446   0x00000002   PAD
    0x08000448   0x08000448   0x00000050   Code   RO         1898    i.ADC_Init          stm32f10x_adc.o
    0x08000498   0x08000498   0x000000b8   Code   RO         1902    i.ADC_RegularChannelConfig  stm32f10x_adc.o
    0x08000550   0x08000550   0x0000000a   Code   RO         1903    i.ADC_ResetCalibration  stm32f10x_adc.o
    0x0800055a   0x0800055a   0x00000016   Code   RO         1905    i.ADC_SoftwareStartConvCmd  stm32f10x_adc.o
    0x08000570   0x08000570   0x0000000a   Code   RO         1907    i.ADC_StartCalibration  stm32f10x_adc.o
    0x0800057a   0x0800057a   0x00000002   PAD
    0x0800057c   0x0800057c   0x00000038   Code   RO            4    i.BEEP_Init         main.o
    0x080005b4   0x080005b4   0x00000004   Code   RO          370    i.BusFault_Handler  stm32f10x_it.o
    0x080005b8   0x080005b8   0x00000018   Code   RO         2176    i.DMA_Cmd           stm32f10x_dma.o
    0x080005d0   0x080005d0   0x0000014c   Code   RO         2177    i.DMA_DeInit        stm32f10x_dma.o
    0x0800071c   0x0800071c   0x0000003c   Code   RO         2182    i.DMA_Init          stm32f10x_dma.o
    0x08000758   0x08000758   0x00000002   Code   RO          371    i.DebugMon_Handler  stm32f10x_it.o
    0x0800075a   0x0800075a   0x00000002   PAD
    0x0800075c   0x0800075c   0x0000004c   Code   RO          455    i.Dht11_Pin_Mode    gpio.o
    0x080007a8   0x080007a8   0x00000036   Code   RO          476    i.Dht11_Read        dht11_init.o
    0x080007de   0x080007de   0x00000002   PAD
    0x080007e0   0x080007e0   0x00000078   Code   RO          477    i.Dht11_Read_Byte   dht11_init.o
    0x08000858   0x08000858   0x000000b8   Code   RO          478    i.Dht11_Start       dht11_init.o
    0x08000910   0x08000910   0x000000f4   Code   RO            5    i.EXTI0_IRQHandler  main.o
    0x08000a04   0x08000a04   0x00000058   Code   RO            6    i.EXTI2_IRQHandler  main.o
    0x08000a5c   0x08000a5c   0x00000080   Code   RO            7    i.EXTI3_IRQHandler  main.o
    0x08000adc   0x08000adc   0x00000080   Code   RO            8    i.EXTI4_IRQHandler  main.o
    0x08000b5c   0x08000b5c   0x000000c0   Code   RO            9    i.EXTI9_5_IRQHandler  main.o
    0x08000c1c   0x08000c1c   0x0000000c   Code   RO          859    i.EXTI_ClearITPendingBit  stm32f10x_exti.o
    0x08000c28   0x08000c28   0x00000028   Code   RO          863    i.EXTI_GetITStatus  stm32f10x_exti.o
    0x08000c50   0x08000c50   0x00000094   Code   RO          864    i.EXTI_Init         stm32f10x_exti.o
    0x08000ce4   0x08000ce4   0x0000000c   Code   RO         2611    i.FLASH_ClearFlag   stm32f10x_flash.o
    0x08000cf0   0x08000cf0   0x0000004c   Code   RO         2616    i.FLASH_ErasePage   stm32f10x_flash.o
    0x08000d3c   0x08000d3c   0x00000034   Code   RO         2617    i.FLASH_GetBank1Status  stm32f10x_flash.o
    0x08000d70   0x08000d70   0x00000014   Code   RO         2626    i.FLASH_Lock        stm32f10x_flash.o
    0x08000d84   0x08000d84   0x00000040   Code   RO         2629    i.FLASH_ProgramHalfWord  stm32f10x_flash.o
    0x08000dc4   0x08000dc4   0x00000018   Code   RO         2634    i.FLASH_Unlock      stm32f10x_flash.o
    0x08000ddc   0x08000ddc   0x00000026   Code   RO         2638    i.FLASH_WaitForLastOperation  stm32f10x_flash.o
    0x08000e02   0x08000e02   0x00000044   Code   RO           10    i.FLASH_WriteByte   main.o
    0x08000e46   0x08000e46   0x00000002   PAD
    0x08000e48   0x08000e48   0x00000034   Code   RO         2502    i.FSMC_NORSRAMCmd   stm32f10x_fsmc.o
    0x08000e7c   0x08000e7c   0x000000e6   Code   RO         2504    i.FSMC_NORSRAMInit  stm32f10x_fsmc.o
    0x08000f62   0x08000f62   0x00000002   PAD
    0x08000f64   0x08000f64   0x00000040   Code   RO          511    i.GPIO_EXTILineConfig  stm32f10x_gpio.o
    0x08000fa4   0x08000fa4   0x0000005c   Code   RO           11    i.GPIO_INIT         main.o
    0x08001000   0x08001000   0x00000116   Code   RO          514    i.GPIO_Init         stm32f10x_gpio.o
    0x08001116   0x08001116   0x00000002   PAD
    0x08001118   0x08001118   0x00000090   Code   RO          516    i.GPIO_PinRemapConfig  stm32f10x_gpio.o
    0x080011a8   0x080011a8   0x00000012   Code   RO          518    i.GPIO_ReadInputDataBit  stm32f10x_gpio.o
    0x080011ba   0x080011ba   0x00000004   Code   RO          521    i.GPIO_ResetBits    stm32f10x_gpio.o
    0x080011be   0x080011be   0x00000004   Code   RO          522    i.GPIO_SetBits      stm32f10x_gpio.o
    0x080011c2   0x080011c2   0x00000004   Code   RO          524    i.GPIO_Write        stm32f10x_gpio.o
    0x080011c6   0x080011c6   0x00000002   PAD
    0x080011c8   0x080011c8   0x00000034   Code   RO           12    i.Get_ADC3          main.o
    0x080011fc   0x080011fc   0x00000030   Code   RO           13    i.HW_jssj           main.o
    0x0800122c   0x0800122c   0x00000004   Code   RO          372    i.HardFault_Handler  stm32f10x_it.o
    0x08001230   0x08001230   0x00000070   Code   RO           14    i.Hwjs_Init         main.o
    0x080012a0   0x080012a0   0x0000003c   Code   RO           15    i.KEY_Init          main.o
    0x080012dc   0x080012dc   0x00000048   Code   RO         2844    i.LCD_Clear         tftlcd.o
    0x08001324   0x08001324   0x00000048   Code   RO         2846    i.LCD_Display_Dir   tftlcd.o
    0x0800136c   0x0800136c   0x0000001c   Code   RO         2847    i.LCD_DrawFRONT_COLOR  tftlcd.o
    0x08001388   0x08001388   0x00000040   Code   RO           17    i.LCD_INIT          main.o
    0x080013c8   0x080013c8   0x00000016   Code   RO         2855    i.LCD_Pow           tftlcd.o
    0x080013de   0x080013de   0x000000a6   Code   RO         2860    i.LCD_Set_Window    tftlcd.o
    0x08001484   0x08001484   0x0000013c   Code   RO         2861    i.LCD_ShowChar      tftlcd.o
    0x080015c0   0x080015c0   0x000000e8   Code   RO         2862    i.LCD_ShowFontHZ    tftlcd.o
    0x080016a8   0x080016a8   0x00000066   Code   RO         2865    i.LCD_ShowString    tftlcd.o
    0x0800170e   0x0800170e   0x000000be   Code   RO         2866    i.LCD_ShowxNum      tftlcd.o
    0x080017cc   0x080017cc   0x00000044   Code   RO           18    i.LCD_WRITE_ByteDATA  main.o
    0x08001810   0x08001810   0x00000044   Code   RO           19    i.LCD_WRITE_CMD     main.o
    0x08001854   0x08001854   0x00000036   Code   RO           20    i.LCD_WRITE_StrDATA  main.o
    0x0800188a   0x0800188a   0x00000002   PAD
    0x0800188c   0x0800188c   0x0000000c   Code   RO         2867    i.LCD_WriteCmd      tftlcd.o
    0x08001898   0x08001898   0x0000000c   Code   RO         2869    i.LCD_WriteData     tftlcd.o
    0x080018a4   0x080018a4   0x0000000c   Code   RO         2870    i.LCD_WriteData_Color  tftlcd.o
    0x080018b0   0x080018b0   0x0000004c   Code   RO         2829    i.LED_Init          led.o
    0x080018fc   0x080018fc   0x0000003c   Code   RO           21    i.Lsens_Get_Val     main.o
    0x08001938   0x08001938   0x000000a0   Code   RO           22    i.Lsens_Init        main.o
    0x080019d8   0x080019d8   0x00000004   Code   RO          373    i.MemManage_Handler  stm32f10x_it.o
    0x080019dc   0x080019dc   0x000000d8   Code   RO           23    i.My_EXTI_Init      main.o
    0x08001ab4   0x08001ab4   0x00000002   Code   RO          374    i.NMI_Handler       stm32f10x_it.o
    0x08001ab6   0x08001ab6   0x00000002   PAD
    0x08001ab8   0x08001ab8   0x00000070   Code   RO          822    i.NVIC_Init         misc.o
    0x08001b28   0x08001b28   0x00000014   Code   RO          823    i.NVIC_PriorityGroupConfig  misc.o
    0x08001b3c   0x08001b3c   0x00000002   Code   RO          375    i.PendSV_Handler    stm32f10x_it.o
    0x08001b3e   0x08001b3e   0x00000002   PAD
    0x08001b40   0x08001b40   0x00000020   Code   RO          623    i.RCC_AHBPeriphClockCmd  stm32f10x_rcc.o
    0x08001b60   0x08001b60   0x00000020   Code   RO          626    i.RCC_APB2PeriphClockCmd  stm32f10x_rcc.o
    0x08001b80   0x08001b80   0x00000020   Code   RO          627    i.RCC_APB2PeriphResetCmd  stm32f10x_rcc.o
    0x08001ba0   0x08001ba0   0x000000d4   Code   RO          634    i.RCC_GetClocksFreq  stm32f10x_rcc.o
    0x08001c74   0x08001c74   0x00000078   Code   RO           24    i.ReadBusy          main.o
    0x08001cec   0x08001cec   0x00000098   Code   RO           25    i.Read_Flash        main.o
    0x08001d84   0x08001d84   0x00000002   Code   RO          376    i.SVC_Handler       stm32f10x_it.o
    0x08001d86   0x08001d86   0x00000008   Code   RO         2785    i.SetSysClock       system_stm32f10x.o
    0x08001d8e   0x08001d8e   0x00000002   PAD
    0x08001d90   0x08001d90   0x000000e0   Code   RO         2786    i.SetSysClockTo72   system_stm32f10x.o
    0x08001e70   0x08001e70   0x00000028   Code   RO          826    i.SysTick_CLKSourceConfig  misc.o
    0x08001e98   0x08001e98   0x00000002   Code   RO          377    i.SysTick_Handler   stm32f10x_it.o
    0x08001e9a   0x08001e9a   0x00000002   PAD
    0x08001e9c   0x08001e9c   0x0000003c   Code   RO         3056    i.SysTick_Init      systick.o
    0x08001ed8   0x08001ed8   0x00000060   Code   RO         2788    i.SystemInit        system_stm32f10x.o
    0x08001f38   0x08001f38   0x0000007e   Code   RO         2871    i.TFTLCD_FSMC_Init  tftlcd.o
    0x08001fb6   0x08001fb6   0x00000002   PAD
    0x08001fb8   0x08001fb8   0x00000098   Code   RO         2872    i.TFTLCD_GPIO_Init  tftlcd.o
    0x08002050   0x08002050   0x000002bc   Code   RO         2873    i.TFTLCD_Init       tftlcd.o
    0x0800230c   0x0800230c   0x00000088   Code   RO         3085    i.USART1_IRQHandler  usart.o
    0x08002394   0x08002394   0x000000b0   Code   RO         3086    i.USART1_Init       usart.o
    0x08002444   0x08002444   0x00000012   Code   RO         1460    i.USART_ClearFlag   stm32f10x_usart.o
    0x08002456   0x08002456   0x00000018   Code   RO         1464    i.USART_Cmd         stm32f10x_usart.o
    0x0800246e   0x0800246e   0x0000001a   Code   RO         1467    i.USART_GetFlagStatus  stm32f10x_usart.o
    0x08002488   0x08002488   0x00000054   Code   RO         1468    i.USART_GetITStatus  stm32f10x_usart.o
    0x080024dc   0x080024dc   0x0000004a   Code   RO         1470    i.USART_ITConfig    stm32f10x_usart.o
    0x08002526   0x08002526   0x00000002   PAD
    0x08002528   0x08002528   0x000000d8   Code   RO         1471    i.USART_Init        stm32f10x_usart.o
    0x08002600   0x08002600   0x0000000a   Code   RO         1478    i.USART_ReceiveData  stm32f10x_usart.o
    0x0800260a   0x0800260a   0x00000008   Code   RO         1481    i.USART_SendData    stm32f10x_usart.o
    0x08002612   0x08002612   0x00000002   PAD
    0x08002614   0x08002614   0x00000064   Code   RO           26    i.Upplusvar         main.o
    0x08002678   0x08002678   0x00000064   Code   RO           27    i.Upreducevar       main.o
    0x080026dc   0x080026dc   0x00000004   Code   RO          378    i.UsageFault_Handler  stm32f10x_it.o
    0x080026e0   0x080026e0   0x00000020   Code   RO         3254    i.__0printf$5       mc_w.l(printf5.o)
    0x08002700   0x08002700   0x00000028   Code   RO         3256    i.__0sprintf$5      mc_w.l(printf5.o)
    0x08002728   0x08002728   0x0000000e   Code   RO         3430    i.__scatterload_copy  mc_w.l(handlers.o)
    0x08002736   0x08002736   0x00000002   Code   RO         3431    i.__scatterload_null  mc_w.l(handlers.o)
    0x08002738   0x08002738   0x0000000e   Code   RO         3432    i.__scatterload_zeroinit  mc_w.l(handlers.o)
    0x08002746   0x08002746   0x00000002   PAD
    0x08002748   0x08002748   0x000002c0   Code   RO         3261    i._printf_core      mc_w.l(printf5.o)
    0x08002a08   0x08002a08   0x0000000a   Code   RO         3263    i._sputc            mc_w.l(printf5.o)
    0x08002a12   0x08002a12   0x00000002   PAD
    0x08002a14   0x08002a14   0x000000c4   Code   RO           29    i.alerthigh         main.o
    0x08002ad8   0x08002ad8   0x000000c4   Code   RO           30    i.alertlow          main.o
    0x08002b9c   0x08002b9c   0x000000c0   Code   RO           31    i.choosedetect      main.o
    0x08002c5c   0x08002c5c   0x000000f8   Code   RO           32    i.code_analysis     main.o
    0x08002d54   0x08002d54   0x0000004c   Code   RO         3057    i.delay_ms          systick.o
    0x08002da0   0x08002da0   0x0000004c   Code   RO         3058    i.delay_us          systick.o
    0x08002dec   0x08002dec   0x00000150   Code   RO           33    i.displayscale      main.o
    0x08002f3c   0x08002f3c   0x00000064   Code   RO           34    i.downplusvar       main.o
    0x08002fa0   0x08002fa0   0x00000064   Code   RO           35    i.downreducevar     main.o
    0x08003004   0x08003004   0x00000024   Code   RO         3087    i.fputc             usart.o
    0x08003028   0x08003028   0x00000054   Code   RO          456    i.initGPIO          gpio.o
    0x0800307c   0x0800307c   0x000004a4   Code   RO           36    i.main              main.o
    0x08003520   0x08003520   0x00004f16   Data   RO         2874    .constdata          tftlcd.o
    0x08008436   0x08008436   0x00000002   PAD
    0x08008438   0x08008438   0x00000020   Data   RO         3428    Region$$Table       anon$$obj.o


    Execution Region RW_IRAM1 (Exec base: 0x20000000, Load base: 0x08008458, Size: 0x00000550, Max: 0x00010000, ABSOLUTE)

    Exec Addr    Load Addr    Size         Type   Attr      Idx    E Section Name        Object

    0x20000000   0x08008458   0x00000036   Data   RW           39    .data               main.o
    0x20000036   0x0800848e   0x00000004   Data   RW          457    .data               gpio.o
    0x2000003a   0x08008492   0x00000014   Data   RW          654    .data               stm32f10x_rcc.o
    0x2000004e   0x080084a6   0x0000000c   Data   RW         2875    .data               tftlcd.o
    0x2000005a   0x080084b2   0x00000004   Data   RW         3059    .data               systick.o
    0x2000005e   0x080084b6   0x00000002   Data   RW         3089    .data               usart.o
    0x20000060   0x080084b8   0x00000004   Data   RW         3404    .data               mc_w.l(stdout.o)
    0x20000064        -       0x00000024   Zero   RW           37    .bss                main.o
    0x20000088        -       0x000000c8   Zero   RW         3088    .bss                usart.o
    0x20000150        -       0x00000400   Zero   RW          500    STACK               startup_stm32f10x_hd.o


==============================================================================

Image component sizes


      Code (inc. data)   RO Data    RW Data    ZI Data      Debug   Object Name

       358         12          0          0          0       2121   dht11_init.o
       160         12          0          4          0       1161   gpio.o
        76          8          0          0          0        455   led.o
      5278        924          0         54         36     289566   main.o
       172         22          0          0          0       2109   misc.o
        36          8        304          0       1024        808   startup_stm32f10x_hd.o
       508         24          0          0          0       9255   stm32f10x_adc.o
       416          8          0          0          0       3470   stm32f10x_dma.o
       200         18          0          0          0       2156   stm32f10x_exti.o
       286         36          0          0          0       3992   stm32f10x_flash.o
       282          6          0          0          0       1857   stm32f10x_fsmc.o
       516         10          0          0          0       5709   stm32f10x_gpio.o
        26          0          0          0          0       3542   stm32f10x_it.o
       308         38          0         20          0       5058   stm32f10x_rcc.o
       460          6          0          0          0       6811   stm32f10x_usart.o
       328         28          0          0          0       1817   system_stm32f10x.o
       212         16          0          4          0       1605   systick.o
      2214        116      20246         12          0      12189   tftlcd.o
       348         28          0          2        200       2196   usart.o

    ----------------------------------------------------------------------
     12216       1320      20584         96       1260     355877   Object Totals
         0          0         32          0          0          0   (incl. Generated)
        32          0          2          0          0          0   (incl. Padding)

    ----------------------------------------------------------------------

      Code (inc. data)   RO Data    RW Data    ZI Data      Debug   Library Member Name

         0          0          0          0          0          0   entry.o
         0          0          0          0          0          0   entry10a.o
         0          0          0          0          0          0   entry11a.o
         4          0          0          0          0          0   entry12b.o
         8          4          0          0          0          0   entry2.o
         4          0          0          0          0          0   entry5.o
         0          0          0          0          0          0   entry7b.o
         0          0          0          0          0          0   entry8b.o
         8          4          0          0          0          0   entry9a.o
        30          0          0          0          0          0   handlers.o
        36          8          0          0          0         68   init.o
        30          0          0          0          0         68   llshl.o
        32          0          0          0          0         68   llushr.o
        36          0          0          0          0        108   memseta.o
       786         60          0          0          0        336   printf5.o
         0          0          0          4          0          0   stdout.o
        98          0          0          0          0         92   uldiv.o

    ----------------------------------------------------------------------
      1080         76          0          4          0        740   Library Totals
         8          0          0          0          0          0   (incl. Padding)

    ----------------------------------------------------------------------

      Code (inc. data)   RO Data    RW Data    ZI Data      Debug   Library Name

      1072         76          0          4          0        740   mc_w.l

    ----------------------------------------------------------------------
      1080         76          0          4          0        740   Library Totals

    ----------------------------------------------------------------------

==============================================================================


      Code (inc. data)   RO Data    RW Data    ZI Data      Debug   

     13296       1396      20584        100       1260     350269   Grand Totals
     13296       1396      20584        100       1260     350269   ELF Image Totals
     13296       1396      20584        100          0          0   ROM Totals

==============================================================================

    Total RO  Size (Code + RO Data)                33880 (  33.09kB)
    Total RW  Size (RW Data + ZI Data)              1360 (   1.33kB)
    Total ROM Size (Code + RO Data + RW Data)      33980 (  33.18kB)

==============================================================================

